<html>
<body>
<pre>
<h1>礦ision Build Log</h1>
<h2>Tool Versions:</h2>
IDE-Version: μVision V5.14.0.0
Copyright (C) 2015 ARM Ltd and ARM Germany GmbH. All rights reserved.
License Information: shen zu, zu, LIC=X96CK-ZKTZ2-X75RZ-JNCGL-0GQ9X-CB7UX
 
Tool Versions:
Toolchain:       MDK-ARM Standard  Version: 5.14.0.0
Toolchain Path:  C:\Keil_v5\ARM\ARMCC\Bin
C Compiler:      Armcc.exe V5.05 update 1 (build 106)
Assembler:       Armasm.exe V5.05 update 1 (build 106)
Linker/Locator:  ArmLink.exe V5.05 update 1 (build 106)
Library Manager: ArmAr.exe V5.05 update 1 (build 106)
Hex Converter:   FromElf.exe V5.05 update 1 (build 106)
CPU DLL:         SARMCM3.DLL V5.14.0.0
Dialog DLL:      DCM.DLL V1.13.1.0
Target DLL:      Segger\JL2CM3.dll V2.99.13.0
Dialog DLL:      TCM.DLL V1.14.4.0
 
<h2>Project:</h2>
D:\救援机器人\电子专用遥控器\小车\USER\LED.uvprojx
Project File Date:  11/15/2020

<h2>Output:</h2>
Build target 'LED'
compiling main.c...
main.c(97): warning:  #167-D: argument of type "char *" is incompatible with parameter of type "unsigned char *"
                LCD_P8X16Str(5,1,qian,WHITE,BLACK);
main.c(100): warning:  #167-D: argument of type "char *" is incompatible with parameter of type "unsigned char *"
                LCD_P8X16Str(11,1,hou,WHITE,BLACK);
main.c(103): warning:  #167-D: argument of type "char *" is incompatible with parameter of type "unsigned char *"
                LCD_P8X16Str(5,3,zuo,WHITE,BLACK);
main.c(106): warning:  #167-D: argument of type "char *" is incompatible with parameter of type "unsigned char *"
                LCD_P8X16Str(11,3,you,WHITE,BLACK);
main.c: 4 warnings, 0 errors
linking...
Program Size: Code=6960 RO-data=424 RW-data=44112 ZI-data=1832  
FromELF: creating hex file...
"..\OBJ\LED.axf" - 0 Error(s), 4 Warning(s).

<h2>Collection of Component include folders:</h2>
  D:\救援机器人\电子专用遥控器\小车\USER\RTE
  C:\Keil_v5\ARM\PACK\Keil\STM32F4xx_DFP\1.0.8\Device\Include

<h2>Collection of Component Files used:</h2>
</pre>
</body>
</html>
