Component: ARM Compiler 5.05 update 1 (build 106) Tool: armlink [4d0efa]

==============================================================================

Section Cross References

    main.o(.text) refers to misc.o(.text) for NVIC_PriorityGroupConfig
    main.o(.text) refers to delay.o(.text) for delay_init
    main.o(.text) refers to usart.o(.text) for uart1_init
    main.o(.text) refers to can.o(.text) for CAN1_Mode_Init
    main.o(.text) refers to tim.o(.text) for TIM4_Int_Init
    main.o(.text) refers to led.o(.text) for Wireless_serial_port_Init
    main.o(.text) refers to spi.o(.text) for SPI1_Init
    main.o(.text) refers to adc.o(.text) for Adc_Init
    main.o(.text) refers to sensor.o(.text) for Sensor_Init
    main.o(.text) refers to motor_control.o(.text) for Control_Initialize
    main.o(.text) refers to printf3.o(i.__0printf$3) for __2printf
    main.o(.text) refers to iwdg.o(.text) for IWDG_Init
    main.o(.text) refers to debug.o(.text) for debug
    main.o(.text) refers to epd_4in2bc_test.o(.text) for EPD_display
    main.o(.text) refers to sensor.o(.data) for refresh
    system_stm32f4xx.o(.text) refers to system_stm32f4xx.o(.data) for SystemCoreClock
    led.o(.text) refers to stm32f4xx_rcc.o(.text) for RCC_AHB1PeriphClockCmd
    led.o(.text) refers to stm32f4xx_gpio.o(.text) for GPIO_Init
    motor_control.o(.text) refers to can.o(.text) for CAN2_Send_Msg
    motor_control.o(.text) refers to dflti.o(.text) for __aeabi_i2d
    motor_control.o(.text) refers to cdrcmple.o(.text) for __aeabi_cdrcmple
    motor_control.o(.text) refers to log.o(i.__hardfp_log) for __hardfp_log
    motor_control.o(.text) refers to dmul.o(.text) for __aeabi_dmul
    motor_control.o(.text) refers to dadd.o(.text) for __aeabi_dsub
    motor_control.o(.text) refers to cdcmple.o(.text) for __aeabi_cdcmple
    motor_control.o(.text) refers to fabs.o(i.__hardfp_fabs) for __hardfp_fabs
    motor_control.o(.text) refers to motor_control.o(.bss) for M3508
    motor_control.o(.text) refers to motor_control.o(.data) for Error_Sum_set
    motor_control.o(.text) refers to dfixi.o(.text) for __aeabi_d2iz
    tim.o(.text) refers to stm32f4xx_rcc.o(.text) for RCC_APB1PeriphClockCmd
    tim.o(.text) refers to stm32f4xx_tim.o(.text) for TIM_TimeBaseInit
    tim.o(.text) refers to misc.o(.text) for NVIC_Init
    tim.o(.text) refers to motor_control.o(.text) for Motor_Speed_Control
    tim.o(.text) refers to sensor.o(.text) for Sonic_Trig
    tim.o(.text) refers to stm32f4xx_gpio.o(.text) for GPIO_PinAFConfig
    tim.o(.text) refers to motor_control.o(.bss) for M3508
    tim.o(.text) refers to tim.o(.data) for i
    tim.o(.text) refers to sensor.o(.data) for flame
    can.o(.text) refers to stm32f4xx_rcc.o(.text) for RCC_AHB1PeriphClockCmd
    can.o(.text) refers to stm32f4xx_gpio.o(.text) for GPIO_Init
    can.o(.text) refers to stm32f4xx_can.o(.text) for CAN_Init
    can.o(.text) refers to misc.o(.text) for NVIC_Init
    can.o(.text) refers to can.o(.data) for Goal_Speed
    can.o(.text) refers to motor_control.o(.bss) for M3508
    can.o(.text) refers to motor_control.o(.text) for Data_Convert
    debug.o(.text) refers to printf3.o(i.__0printf$3) for __2printf
    debug.o(.text) refers to fsm.o(.text) for Usart_Receivecheck
    debug.o(.text) refers to debug.o(.data) for i
    debug.o(.text) refers to motor_control.o(.bss) for M3508
    debug.o(.text) refers to sensor.o(.data) for refresh
    fsm.o(.text) refers to printf3.o(i.__0printf$3) for __2printf
    fsm.o(.text) refers to usart.o(.data) for USART_RX_STA
    fsm.o(.text) refers to fsm.o(.data) for receive_state
    fsm.o(.text) refers to usart.o(.bss) for USART1_RX_BUF
    fsm.o(.text) refers to motor_control.o(.bss) for M3508
    sensor.o(.text) refers to stm32f4xx_rcc.o(.text) for RCC_AHB1PeriphClockCmd
    sensor.o(.text) refers to stm32f4xx_gpio.o(.text) for GPIO_Init
    sensor.o(.text) refers to stm32f4xx_syscfg.o(.text) for SYSCFG_EXTILineConfig
    sensor.o(.text) refers to stm32f4xx_exti.o(.text) for EXTI_Init
    sensor.o(.text) refers to misc.o(.text) for NVIC_Init
    sensor.o(.text) refers to delay.o(.text) for delay_us
    sensor.o(.text) refers to stm32f4xx_tim.o(.text) for TIM_SetCounter
    sensor.o(.text) refers to dflti.o(.text) for __aeabi_i2d
    sensor.o(.text) refers to dmul.o(.text) for __aeabi_dmul
    sensor.o(.text) refers to dfixi.o(.text) for __aeabi_d2iz
    sensor.o(.text) refers to adc.o(.text) for Get_Adc_Average
    sensor.o(.text) refers to sensor.o(.data) for Distance
    adc.o(.text) refers to stm32f4xx_rcc.o(.text) for RCC_AHB1PeriphClockCmd
    adc.o(.text) refers to stm32f4xx_gpio.o(.text) for GPIO_Init
    adc.o(.text) refers to stm32f4xx_adc.o(.text) for ADC_CommonInit
    adc.o(.text) refers to delay.o(.text) for delay_ms
    spi.o(.text) refers to stm32f4xx_rcc.o(.text) for RCC_AHB1PeriphClockCmd
    spi.o(.text) refers to stm32f4xx_gpio.o(.text) for GPIO_Init
    spi.o(.text) refers to stm32f4xx_spi.o(.text) for SPI_Init
[...]
    ..\HARDWARE\Paint\GUI\GUI_Paint.c        0x00000000   Number         0  gui_paint.o ABSOLUTE
    ..\HARDWARE\Paint\SPI\spi.c              0x00000000   Number         0  spi.o ABSOLUTE
    ..\HARDWARE\Paint\TEST\EPD_4in2bc_test.c 0x00000000   Number         0  epd_4in2bc_test.o ABSOLUTE
    ..\HARDWARE\Sensor\sensor.c              0x00000000   Number         0  sensor.o ABSOLUTE
    ..\HARDWARE\TIM\tim.c                    0x00000000   Number         0  tim.o ABSOLUTE
    ..\HARDWARE\debug\debug.c                0x00000000   Number         0  debug.o ABSOLUTE
    ..\SYSTEM\delay\delay.c                  0x00000000   Number         0  delay.o ABSOLUTE
    ..\SYSTEM\sys\sys.c                      0x00000000   Number         0  sys.o ABSOLUTE
    ..\SYSTEM\usart\usart.c                  0x00000000   Number         0  usart.o ABSOLUTE
    ..\\FWLIB\\src\\misc.c                   0x00000000   Number         0  misc.o ABSOLUTE
    ..\\FWLIB\\src\\stm32f4xx_adc.c          0x00000000   Number         0  stm32f4xx_adc.o ABSOLUTE
    ..\\FWLIB\\src\\stm32f4xx_can.c          0x00000000   Number         0  stm32f4xx_can.o ABSOLUTE
    ..\\FWLIB\\src\\stm32f4xx_dac.c          0x00000000   Number         0  stm32f4xx_dac.o ABSOLUTE
    ..\\FWLIB\\src\\stm32f4xx_dma.c          0x00000000   Number         0  stm32f4xx_dma.o ABSOLUTE
    ..\\FWLIB\\src\\stm32f4xx_dma2d.c        0x00000000   Number         0  stm32f4xx_dma2d.o ABSOLUTE
    ..\\FWLIB\\src\\stm32f4xx_exti.c         0x00000000   Number         0  stm32f4xx_exti.o ABSOLUTE
    ..\\FWLIB\\src\\stm32f4xx_flash.c        0x00000000   Number         0  stm32f4xx_flash.o ABSOLUTE
    ..\\FWLIB\\src\\stm32f4xx_gpio.c         0x00000000   Number         0  stm32f4xx_gpio.o ABSOLUTE
    ..\\FWLIB\\src\\stm32f4xx_i2c.c          0x00000000   Number         0  stm32f4xx_i2c.o ABSOLUTE
    ..\\FWLIB\\src\\stm32f4xx_iwdg.c         0x00000000   Number         0  stm32f4xx_iwdg.o ABSOLUTE
    ..\\FWLIB\\src\\stm32f4xx_rcc.c          0x00000000   Number         0  stm32f4xx_rcc.o ABSOLUTE
    ..\\FWLIB\\src\\stm32f4xx_spi.c          0x00000000   Number         0  stm32f4xx_spi.o ABSOLUTE
    ..\\FWLIB\\src\\stm32f4xx_syscfg.c       0x00000000   Number         0  stm32f4xx_syscfg.o ABSOLUTE
    ..\\FWLIB\\src\\stm32f4xx_tim.c          0x00000000   Number         0  stm32f4xx_tim.o ABSOLUTE
    ..\\FWLIB\\src\\stm32f4xx_usart.c        0x00000000   Number         0  stm32f4xx_usart.o ABSOLUTE
    ..\\HARDWARE\\ADC\\adc.c                 0x00000000   Number         0  adc.o ABSOLUTE
    ..\\HARDWARE\\CAN\\can.c                 0x00000000   Number         0  can.o ABSOLUTE
    ..\\HARDWARE\\FSM\\FSM.c                 0x00000000   Number         0  fsm.o ABSOLUTE
    ..\\HARDWARE\\IWDG\\iwdg.c               0x00000000   Number         0  iwdg.o ABSOLUTE
    ..\\HARDWARE\\LED\\led.c                 0x00000000   Number         0  led.o ABSOLUTE
    ..\\HARDWARE\\Motor_Control\\Motor_Control.c 0x00000000   Number         0  motor_control.o ABSOLUTE
    ..\\HARDWARE\\Paint\\Config\\DEV_Config.c 0x00000000   Number         0  dev_config.o ABSOLUTE
    ..\\HARDWARE\\Paint\\EPD\\EPD_4in2bc.c   0x00000000   Number         0  epd_4in2bc.o ABSOLUTE
    ..\\HARDWARE\\Paint\\GUI\\GUI_Paint.c    0x00000000   Number         0  gui_paint.o ABSOLUTE
    ..\\HARDWARE\\Paint\\SPI\\spi.c          0x00000000   Number         0  spi.o ABSOLUTE
    ..\\HARDWARE\\Paint\\TEST\\EPD_4in2bc_test.c 0x00000000   Number         0  epd_4in2bc_test.o ABSOLUTE
    ..\\HARDWARE\\Sensor\\sensor.c           0x00000000   Number         0  sensor.o ABSOLUTE
    ..\\HARDWARE\\TIM\\tim.c                 0x00000000   Number         0  tim.o ABSOLUTE
    ..\\HARDWARE\\debug\\debug.c             0x00000000   Number         0  debug.o ABSOLUTE
    ..\\SYSTEM\\delay\\delay.c               0x00000000   Number         0  delay.o ABSOLUTE
    ..\\SYSTEM\\sys\\sys.c                   0x00000000   Number         0  sys.o ABSOLUTE
    ..\\SYSTEM\\usart\\usart.c               0x00000000   Number         0  usart.o ABSOLUTE
    cdcmple.s                                0x00000000   Number         0  cdcmple.o ABSOLUTE
    cdrcmple.s                               0x00000000   Number         0  cdrcmple.o ABSOLUTE
    dc.s                                     0x00000000   Number         0  dc.o ABSOLUTE
    handlers.s                               0x00000000   Number         0  handlers.o ABSOLUTE
    init.s                                   0x00000000   Number         0  init.o ABSOLUTE
    main.c                                   0x00000000   Number         0  main.o ABSOLUTE
    main.c                                   0x00000000   Number         0  main.o ABSOLUTE
    stm32f4xx_it.c                           0x00000000   Number         0  stm32f4xx_it.o ABSOLUTE
    stm32f4xx_it.c                           0x00000000   Number         0  stm32f4xx_it.o ABSOLUTE
    system_stm32f4xx.c                       0x00000000   Number         0  system_stm32f4xx.o ABSOLUTE
    system_stm32f4xx.c                       0x00000000   Number         0  system_stm32f4xx.o ABSOLUTE
    RESET                                    0x08000000   Section      392  startup_stm32f40_41xxx.o(RESET)
    .ARM.Collect$$$$00000000                 0x08000188   Section        0  entry.o(.ARM.Collect$$$$00000000)
    .ARM.Collect$$$$00000001                 0x08000188   Section        4  entry2.o(.ARM.Collect$$$$00000001)
    .ARM.Collect$$$$00000004                 0x0800018c   Section        4  entry5.o(.ARM.Collect$$$$00000004)
    .ARM.Collect$$$$00000008                 0x08000190   Section        0  entry7b.o(.ARM.Collect$$$$00000008)
    .ARM.Collect$$$$0000000A                 0x08000190   Section        0  entry8b.o(.ARM.Collect$$$$0000000A)
    .ARM.Collect$$$$0000000B                 0x08000190   Section        8  entry9a.o(.ARM.Collect$$$$0000000B)
    .ARM.Collect$$$$0000000D                 0x08000198   Section        0  entry10a.o(.ARM.Collect$$$$0000000D)
    .ARM.Collect$$$$0000000F                 0x08000198   Section        0  entry11a.o(.ARM.Collect$$$$0000000F)
    .ARM.Collect$$$$00002712                 0x08000198   Section        4  entry2.o(.ARM.Collect$$$$00002712)
    __lit__00000000                          0x08000198   Data           4  entry2.o(.ARM.Collect$$$$00002712)
    .text                                    0x0800019c   Section        0  main.o(.text)
    .text                                    0x08000258   Section        0  stm32f4xx_it.o(.text)
    .text                                    0x08000274   Section        0  system_stm32f4xx.o(.text)
    SetSysClock                              0x08000275   Thumb Code   220  system_stm32f4xx.o(.text)
    .text                                    0x08000484   Section        0  led.o(.text)
    .text                                    0x08000500   Section        0  motor_control.o(.text)
    .text                                    0x08000a30   Section        0  tim.o(.text)
    .text                                    0x08000da4   Section        0  can.o(.text)
    .text                                    0x08001344   Section        0  debug.o(.text)
    .text                                    0x080014cc   Section        0  fsm.o(.text)
    .text                                    0x08001644   Section        0  sensor.o(.text)
    .text                                    0x08001a48   Section        0  adc.o(.text)
    .text                                    0x08001b44   Section        0  spi.o(.text)
    .text                                    0x08001c14   Section        0  iwdg.o(.text)
    .text                                    0x08001c40   Section        0  dev_config.o(.text)
    .text                                    0x08001c80   Section        0  epd_4in2bc.o(.text)
    EPD_4IN2BC_Reset                         0x08001c81   Thumb Code    42  epd_4in2bc.o(.text)
    EPD_4IN2BC_SendCommand                   0x08001cab   Thumb Code    32  epd_4in2bc.o(.text)
    EPD_4IN2BC_SendData                      0x08001ccb   Thumb Code    34  epd_4in2bc.o(.text)
    EPD_4IN2BC_TurnOnDisplay                 0x08001d05   Thumb Code    20  epd_4in2bc.o(.text)
    .text                                    0x08001e7c   Section        0  epd_4in2bc_test.o(.text)
    .text                                    0x08002228   Section        0  gui_paint.o(.text)
    .text                                    0x08003400   Section        0  delay.o(.text)
    .text                                    0x08003504   Section        0  usart.o(.text)
    .text                                    0x0800364c   Section       36  startup_stm32f40_41xxx.o(.text)
    $v0                                      0x0800364c   Number         0  startup_stm32f40_41xxx.o(.text)
    .text                                    0x08003670   Section        0  misc.o(.text)
    .text                                    0x08003750   Section        0  stm32f4xx_gpio.o(.text)
    .text                                    0x080039e4   Section        0  stm32f4xx_usart.o(.text)
    .text                                    0x08003e38   Section        0  stm32f4xx_tim.o(.text)
    TI4_Config                               0x080045d7   Thumb Code    80  stm32f4xx_tim.o(.text)
    TI3_Config                               0x08004639   Thumb Code    72  stm32f4xx_tim.o(.text)
    TI2_Config                               0x0800469b   Thumb Code    90  stm32f4xx_tim.o(.text)
    TI1_Config                               0x08004707   Thumb Code    58  stm32f4xx_tim.o(.text)
    .text                                    0x08004adc   Section        0  stm32f4xx_syscfg.o(.text)
    .text                                    0x08004b70   Section        0  stm32f4xx_rcc.o(.text)
    .text                                    0x080051cc   Section        0  stm32f4xx_adc.o(.text)
    .text                                    0x08005630   Section        0  stm32f4xx_can.o(.text)
    CheckITStatus                            0x08005e33   Thumb Code    18  stm32f4xx_can.o(.text)
    .text                                    0x08006020   Section        0  stm32f4xx_exti.o(.text)
    .text                                    0x08006130   Section        0  stm32f4xx_spi.o(.text)
    .text                                    0x080065b0   Section        0  stm32f4xx_iwdg.o(.text)
    .text                                    0x080065f0   Section        0  memseta.o(.text)
    .text                                    0x08006614   Section        0  dadd.o(.text)
    .text                                    0x08006762   Section        0  dmul.o(.text)
    .text                                    0x08006846   Section        0  dflti.o(.text)
    .text                                    0x08006868   Section        0  dfixi.o(.text)
    .text                                    0x080068a8   Section       48  cdcmple.o(.text)
    .text                                    0x080068d8   Section       48  cdrcmple.o(.text)
    .text                                    0x08006908   Section        0  uidiv.o(.text)
    .text                                    0x08006934   Section        0  llshl.o(.text)
    .text                                    0x08006952   Section        0  llushr.o(.text)
    .text                                    0x08006972   Section        0  llsshr.o(.text)
    .text                                    0x08006996   Section        0  depilogue.o(.text)
    .text                                    0x08006996   Section        0  iusefp.o(.text)
    .text                                    0x08006a50   Section        0  ddiv.o(.text)
    .text                                    0x08006b30   Section       36  init.o(.text)
    i.__0printf$3                            0x08006b54   Section        0  printf3.o(i.__0printf$3)
    i.__hardfp_fabs                          0x08006b74   Section        0  fabs.o(i.__hardfp_fabs)
    i.__hardfp_log                           0x08006b88   Section        0  log.o(i.__hardfp_log)
    i.__kernel_poly                          0x08006f4c   Section        0  poly.o(i.__kernel_poly)
    i.__mathlib_dbl_divzero                  0x08007048   Section        0  dunder.o(i.__mathlib_dbl_divzero)
    i.__mathlib_dbl_infnan                   0x08007078   Section        0  dunder.o(i.__mathlib_dbl_infnan)
    i.__mathlib_dbl_invalid                  0x08007090   Section        0  dunder.o(i.__mathlib_dbl_invalid)
    i.__scatterload_copy                     0x080070b0   Section       14  handlers.o(i.__scatterload_copy)
    i.__scatterload_null                     0x080070be   Section        2  handlers.o(i.__scatterload_null)
    i.__scatterload_zeroinit                 0x080070c0   Section       14  handlers.o(i.__scatterload_zeroinit)
    i.__set_errno                            0x080070d0   Section        0  errno.o(i.__set_errno)
    i._printf_core                           0x080070dc   Section        0  printf3.o(i._printf_core)
    _printf_core                             0x080070dd   Thumb Code   436  printf3.o(i._printf_core)
    i.malloc                                 0x08007294   Section        0  malloc.o(i.malloc)
    .constdata                               0x08007300   Section     5810  font12cn.o(.constdata)
    .constdata                               0x080089b2   Section     6840  font24.o(.constdata)
    .constdata                               0x0800a470   Section       56  log.o(.constdata)
    Lg2                                      0x0800a470   Data          24  log.o(.constdata)
    Lg                                       0x0800a488   Data          32  log.o(.constdata)
    .constdata                               0x0800a4a8   Section        8  qnan.o(.constdata)
    .conststring                             0x0800a4b0   Section       92  gui_paint.o(.conststring)
    .data                                    0x20000000   Section       20  system_stm32f4xx.o(.data)
    .data                                    0x20000014   Section       12  motor_control.o(.data)
    Motor14_Current                          0x20000018   Data           8  motor_control.o(.data)
    .data                                    0x20000020   Section        4  tim.o(.data)
    i                                        0x20000020   Data           4  tim.o(.data)
    .data                                    0x20000024   Section        4  can.o(.data)
    Goal_Speed                               0x20000024   Data           4  can.o(.data)
    .data                                    0x20000028   Section        4  debug.o(.data)
    .data                                    0x2000002c   Section        1  fsm.o(.data)
    .data                                    0x20000030   Section       46  sensor.o(.data)
    flag_Sta                                 0x2000005d   Data           1  sensor.o(.data)
    .data                                    0x20000060   Section        8  epd_4in2bc_test.o(.data)
    .data                                    0x20000068   Section       12  font12cn.o(.data)
    .data                                    0x20000074   Section        8  font24.o(.data)
    .data                                    0x2000007c   Section        4  delay.o(.data)
    fac_us                                   0x2000007c   Data           1  delay.o(.data)
    fac_ms                                   0x2000007e   Data           2  delay.o(.data)
    .data                                    0x20000080   Section        6  usart.o(.data)
    .data                                    0x20000086   Section       16  stm32f4xx_rcc.o(.data)
    APBAHBPrescTable                         0x20000086   Data          16  stm32f4xx_rcc.o(.data)
    .data                                    0x20000098   Section        4  mvars.o(.data)
    .data                                    0x2000009c   Section        4  mvars.o(.data)
    .data                                    0x200000a0   Section        4  errno.o(.data)
    _errno                                   0x200000a0   Data           4  errno.o(.data)
    .bss                                     0x200000a8   Section      384  motor_control.o(.bss)
    .bss                                     0x20000228   Section       24  gui_paint.o(.bss)
    .bss                                     0x20000240   Section      200  usart.o(.bss)
    HEAP                                     0x20000308   Section    61440  startup_stm32f40_41xxx.o(HEAP)
    STACK                                    0x2000f308   Section     1024  startup_stm32f40_41xxx.o(STACK)

    Global Symbols

    Symbol Name                              Value     Ov Type        Size  Object(Section)

    BuildAttributes$$THM_ISAv4$E$P$D$K$B$S$7EM$VFPi3$EXTD16$VFPS$VFMA$PE$A:L22UL41UL21$X:L11$S22US41US21$IEEE1$IW$USESV6$~STKCKD$USESV7$~SHL$OTIME$ROPI$IEEEX$EBA8$MICROLIB$REQ8$PRES8$EABIv2 0x00000000   Number         0  anon$$obj.o ABSOLUTE
    __ARM_use_no_argv                        0x00000000   Number         0  main.o ABSOLUTE
    __use_no_errno                           0x00000000   Number         0  useno.o ABSOLUTE
    __use_no_exception_handling              0x00000000   Number         0  useno.o ABSOLUTE
    __use_no_fp                              0x00000000   Number         0  useno.o ABSOLUTE
    __use_no_heap                            0x00000000   Number         0  useno.o ABSOLUTE
    __use_no_heap_region                     0x00000000   Number         0  useno.o ABSOLUTE
    __use_no_semihosting                     0x00000000   Number         0  useno.o ABSOLUTE
    __use_no_semihosting_swi                 0x00000000   Number         0  useno.o ABSOLUTE
    __use_no_signal_handling                 0x00000000   Number         0  useno.o ABSOLUTE
    _printf_a                                0x00000000   Number         0  stubs.o ABSOLUTE
    _printf_c                                0x00000000   Number         0  stubs.o ABSOLUTE
    _printf_charcount                        0x00000000   Number         0  stubs.o ABSOLUTE
    _printf_d                                0x00000000   Number         0  stubs.o ABSOLUTE
    _printf_e                                0x00000000   Number         0  stubs.o ABSOLUTE
    _printf_f                                0x00000000   Number         0  stubs.o ABSOLUTE
    _printf_flags                            0x00000000   Number         0  stubs.o ABSOLUTE
    _printf_fp_dec                           0x00000000   Number         0  stubs.o ABSOLUTE
    _printf_fp_hex                           0x00000000   Number         0  stubs.o ABSOLUTE
    _printf_g                                0x00000000   Number         0  stubs.o ABSOLUTE
    _printf_i                                0x00000000   Number         0  stubs.o ABSOLUTE
    _printf_int_dec                          0x00000000   Number         0  stubs.o ABSOLUTE
    _printf_l                                0x00000000   Number         0  stubs.o ABSOLUTE
    _printf_lc                               0x00000000   Number         0  stubs.o ABSOLUTE
    _printf_ll                               0x00000000   Number         0  stubs.o ABSOLUTE
    _printf_lld                              0x00000000   Number         0  stubs.o ABSOLUTE
    _printf_lli                              0x00000000   Number         0  stubs.o ABSOLUTE
    _printf_llo                              0x00000000   Number         0  stubs.o ABSOLUTE
    _printf_llu                              0x00000000   Number         0  stubs.o ABSOLUTE
    _printf_llx                              0x00000000   Number         0  stubs.o ABSOLUTE
    _printf_longlong_dec                     0x00000000   Number         0  stubs.o ABSOLUTE
    _printf_longlong_hex                     0x00000000   Number         0  stubs.o ABSOLUTE
    _printf_longlong_oct                     0x00000000   Number         0  stubs.o ABSOLUTE
    _printf_ls                               0x00000000   Number         0  stubs.o ABSOLUTE
    _printf_mbtowc                           0x00000000   Number         0  stubs.o ABSOLUTE
    _printf_n                                0x00000000   Number         0  stubs.o ABSOLUTE
    _printf_o                                0x00000000   Number         0  stubs.o ABSOLUTE
    _printf_p                                0x00000000   Number         0  stubs.o ABSOLUTE
    _printf_percent                          0x00000000   Number         0  stubs.o ABSOLUTE
    _printf_pre_padding                      0x00000000   Number         0  stubs.o ABSOLUTE
    _printf_return_value                     0x00000000   Number         0  stubs.o ABSOLUTE
    _printf_s                                0x00000000   Number         0  stubs.o ABSOLUTE
    _printf_sizespec                         0x00000000   Number         0  stubs.o ABSOLUTE
    _printf_str                              0x00000000   Number         0  stubs.o ABSOLUTE
    _printf_truncate_signed                  0x00000000   Number         0  stubs.o ABSOLUTE
    _printf_truncate_unsigned                0x00000000   Number         0  stubs.o ABSOLUTE
    _printf_u                                0x00000000   Number         0  stubs.o ABSOLUTE
    _printf_wc                               0x00000000   Number         0  stubs.o ABSOLUTE
    _printf_wctomb                           0x00000000   Number         0  stubs.o ABSOLUTE
    _printf_widthprec                        0x00000000   Number         0  stubs.o ABSOLUTE
    _printf_x                                0x00000000   Number         0  stubs.o ABSOLUTE
    __cpp_initialize__aeabi_                  - Undefined Weak Reference
    __cxa_finalize                            - Undefined Weak Reference
    __decompress                              - Undefined Weak Reference
    _clock_init                               - Undefined Weak Reference
    _microlib_exit                            - Undefined Weak Reference
    __Vectors_Size                           0x00000188   Number         0  startup_stm32f40_41xxx.o ABSOLUTE
    __Vectors                                0x08000000   Data           4  startup_stm32f40_41xxx.o(RESET)
    __Vectors_End                            0x08000188   Data           0  startup_stm32f40_41xxx.o(RESET)
    __main                                   0x08000189   Thumb Code     0  entry.o(.ARM.Collect$$$$00000000)
    _main_stk                                0x08000189   Thumb Code     0  entry2.o(.ARM.Collect$$$$00000001)
    _main_scatterload                        0x0800018d   Thumb Code     0  entry5.o(.ARM.Collect$$$$00000004)
    __main_after_scatterload                 0x08000191   Thumb Code     0  entry5.o(.ARM.Collect$$$$00000004)
    _main_clock                              0x08000191   Thumb Code     0  entry7b.o(.ARM.Collect$$$$00000008)
    _main_cpp_init                           0x08000191   Thumb Code     0  entry8b.o(.ARM.Collect$$$$0000000A)
    _main_init                               0x08000191   Thumb Code     0  entry9a.o(.ARM.Collect$$$$0000000B)
    __rt_final_cpp                           0x08000199   Thumb Code     0  entry10a.o(.ARM.Collect$$$$0000000D)
    __rt_final_exit                          0x08000199   Thumb Code     0  entry11a.o(.ARM.Collect$$$$0000000F)
    main                                     0x0800019d   Thumb Code   174  main.o(.text)
    NMI_Handler                              0x08000259   Thumb Code     2  stm32f4xx_it.o(.text)
    HardFault_Handler                        0x0800025b   Thumb Code     4  stm32f4xx_it.o(.text)
    MemManage_Handler                        0x0800025f   Thumb Code     4  stm32f4xx_it.o(.text)
    BusFault_Handler                         0x08000263   Thumb Code     4  stm32f4xx_it.o(.text)
    UsageFault_Handler                       0x08000267   Thumb Code     4  stm32f4xx_it.o(.text)
    SVC_Handler                              0x0800026b   Thumb Code     2  stm32f4xx_it.o(.text)
    DebugMon_Handler                         0x0800026d   Thumb Code     2  stm32f4xx_it.o(.text)
    PendSV_Handler                           0x0800026f   Thumb Code     2  stm32f4xx_it.o(.text)
    SysTick_Handler                          0x08000271   Thumb Code     2  stm32f4xx_it.o(.text)
    SystemInit                               0x08000351   Thumb Code    88  system_stm32f4xx.o(.text)
    SystemCoreClockUpdate                    0x080003a9   Thumb Code   174  system_stm32f4xx.o(.text)
    LED_Init                                 0x08000485   Thumb Code    60  led.o(.text)
    Wireless_serial_port_Init                0x080004c1   Thumb Code    56  led.o(.text)
    Control_Initialize                       0x08000501   Thumb Code   194  motor_control.o(.text)
    Data_Convert                             0x080005c3   Thumb Code   118  motor_control.o(.text)
    CAN_Send_Control_Value                   0x08000639   Thumb Code    86  motor_control.o(.text)
    Motor_Speed_Control                      0x0800068f   Thumb Code   918  motor_control.o(.text)
    TIM3_Int_Init                            0x08000a31   Thumb Code    88  tim.o(.text)
    TIM3_IRQHandler                          0x08000a89   Thumb Code    74  tim.o(.text)
    TIM5_Int_Init                            0x08000ad3   Thumb Code    88  tim.o(.text)
    TIM5_IRQHandler                          0x08000b2b   Thumb Code   176  tim.o(.text)
    TIM4_Int_Init                            0x08000bdb   Thumb Code    58  tim.o(.text)
    TIM2_PWM_Init                            0x08000c15   Thumb Code   142  tim.o(.text)
    TIM7_Int_Init                            0x08000ca3   Thumb Code    86  tim.o(.text)
    TIM7_IRQHandler                          0x08000cf9   Thumb Code   100  tim.o(.text)
    CAN1_Mode_Init                           0x08000da5   Thumb Code   318  can.o(.text)
    CAN1_RX0_IRQHandler                      0x08000ee3   Thumb Code   276  can.o(.text)
    CAN1_Send_Msg                            0x08000ff7   Thumb Code   132  can.o(.text)
    CAN1_Receive_Msg                         0x0800107b   Thumb Code    60  can.o(.text)
    CAN2_Mode_Init                           0x080010b7   Thumb Code   250  can.o(.text)
    CAN2_Send_Msg                            0x080011b1   Thumb Code   164  can.o(.text)
    CAN2_Receive_Msg                         0x08001255   Thumb Code    60  can.o(.text)
    CAN2_RX0_IRQHandler                      0x08001291   Thumb Code   166  can.o(.text)
    report                                   0x08001345   Thumb Code    72  debug.o(.text)
    debug                                    0x0800138d   Thumb Code   280  debug.o(.text)
    Usart_Receivecheck                       0x080014cd   Thumb Code    36  fsm.o(.text)
    FSM                                      0x080014f1   Thumb Code   282  fsm.o(.text)
    Paint_Init                               0x08001645   Thumb Code   110  sensor.o(.text)
    Sonic_Init                               0x080016b3   Thumb Code   156  sensor.o(.text)
    Infrare_Init                             0x0800174f   Thumb Code    36  sensor.o(.text)
    Relay_Init                               0x08001773   Thumb Code    84  sensor.o(.text)
    Sensor_Init                              0x080017c7   Thumb Code    20  sensor.o(.text)
    Sonic_Trig                               0x080017db   Thumb Code    24  sensor.o(.text)
    EXTI0_IRQHandler                         0x080017f3   Thumb Code   170  sensor.o(.text)
    Flame_Calculate                          0x0800189d   Thumb Code    80  sensor.o(.text)
    Rain_Calculate                           0x080018ed   Thumb Code    80  sensor.o(.text)
    Infrare_Calculate                        0x0800193d   Thumb Code    34  sensor.o(.text)
    Smoke_Calculate                          0x0800195f   Thumb Code    80  sensor.o(.text)
    Light_Calculate                          0x080019af   Thumb Code    80  sensor.o(.text)
    Adc_Init                                 0x08001a49   Thumb Code   148  adc.o(.text)
    Get_Adc                                  0x08001add   Thumb Code    44  adc.o(.text)
    Get_Adc_Average                          0x08001b09   Thumb Code    46  adc.o(.text)
    SPI1_Init                                0x08001b45   Thumb Code   166  spi.o(.text)
    SPI1_ReadWriteByte                       0x08001beb   Thumb Code    34  spi.o(.text)
    IWDG_Init                                0x08001c15   Thumb Code    36  iwdg.o(.text)
    IWDG_Feed                                0x08001c39   Thumb Code     8  iwdg.o(.text)
    DEV_SPI_WriteByte                        0x08001c41   Thumb Code    12  dev_config.o(.text)
    DEV_Module_Init                          0x08001c4d   Thumb Code    20  dev_config.o(.text)
    DEV_Module_Exit                          0x08001c61   Thumb Code    18  dev_config.o(.text)
    EPD_4IN2BC_ReadBusy                      0x08001ced   Thumb Code    24  epd_4in2bc.o(.text)
    EPD_4IN2BC_Init                          0x08001d19   Thumb Code    60  epd_4in2bc.o(.text)
    EPD_4IN2BC_Clear                         0x08001d55   Thumb Code   102  epd_4in2bc.o(.text)
    EPD_4IN2BC_Display                       0x08001dbb   Thumb Code   122  epd_4in2bc.o(.text)
    EPD_4IN2BC_Sleep                         0x08001e35   Thumb Code    26  epd_4in2bc.o(.text)
    EPD_display                              0x08001e7d   Thumb Code   432  epd_4in2bc_test.o(.text)
    EPD_4in2bc_test                          0x0800202d   Thumb Code   178  epd_4in2bc_test.o(.text)
    Paint_NewImage                           0x08002229   Thumb Code   130  gui_paint.o(.text)
    Paint_SelectImage                        0x080022ab   Thumb Code     6  gui_paint.o(.text)
    Paint_SetRotate                          0x080022b1   Thumb Code    42  gui_paint.o(.text)
    Paint_SetScale                           0x080022db   Thumb Code   192  gui_paint.o(.text)
    Paint_SetMirroring                       0x0800239b   Thumb Code    66  gui_paint.o(.text)
    Paint_SetPixel                           0x080023dd   Thumb Code   544  gui_paint.o(.text)
    Paint_Clear                              0x080025fd   Thumb Code   338  gui_paint.o(.text)
    Paint_ClearWindows                       0x0800274f   Thumb Code    54  gui_paint.o(.text)
    Paint_DrawPoint                          0x08002785   Thumb Code   192  gui_paint.o(.text)
    Paint_DrawLine                           0x08002845   Thumb Code   254  gui_paint.o(.text)
    Paint_DrawRectangle                      0x08002943   Thumb Code   188  gui_paint.o(.text)
    Paint_DrawCircle                         0x080029ff   Thumb Code   780  gui_paint.o(.text)
    Paint_DrawChar                           0x08002d0b   Thumb Code   272  gui_paint.o(.text)
    Paint_DrawString_EN                      0x08002e1b   Thumb Code   122  gui_paint.o(.text)
    Paint_DrawString_CN                      0x08002e95   Thumb Code   530  gui_paint.o(.text)
    Paint_DrawNum                            0x080030a7   Thumb Code   350  gui_paint.o(.text)
    Paint_DrawTime                           0x08003205   Thumb Code   360  gui_paint.o(.text)
    Paint_DrawBitMap                         0x0800336d   Thumb Code    56  gui_paint.o(.text)
    Paint_DrawBitMap_Block                   0x080033a5   Thumb Code    74  gui_paint.o(.text)
    delay_init                               0x08003401   Thumb Code    52  delay.o(.text)
    delay_us                                 0x08003435   Thumb Code    72  delay.o(.text)
    delay_xms                                0x0800347d   Thumb Code    72  delay.o(.text)
    delay_ms                                 0x080034c5   Thumb Code    56  delay.o(.text)
    _sys_exit                                0x08003505   Thumb Code     4  usart.o(.text)
    fputc                                    0x08003509   Thumb Code    22  usart.o(.text)
    uart1_init                               0x0800351f   Thumb Code   164  usart.o(.text)
    USART1_IRQHandler                        0x080035c3   Thumb Code   122  usart.o(.text)
    Reset_Handler                            0x0800364d   Thumb Code     8  startup_stm32f40_41xxx.o(.text)
    ADC_IRQHandler                           0x08003667   Thumb Code     0  startup_stm32f40_41xxx.o(.text)
    CAN1_RX1_IRQHandler                      0x08003667   Thumb Code     0  startup_stm32f40_41xxx.o(.text)
    CAN1_SCE_IRQHandler                      0x08003667   Thumb Code     0  startup_stm32f40_41xxx.o(.text)
    CAN1_TX_IRQHandler                       0x08003667   Thumb Code     0  startup_stm32f40_41xxx.o(.text)
    CAN2_RX1_IRQHandler                      0x08003667   Thumb Code     0  startup_stm32f40_41xxx.o(.text)
    CAN2_SCE_IRQHandler                      0x08003667   Thumb Code     0  startup_stm32f40_41xxx.o(.text)
    CAN2_TX_IRQHandler                       0x08003667   Thumb Code     0  startup_stm32f40_41xxx.o(.text)
    CRYP_IRQHandler                          0x08003667   Thumb Code     0  startup_stm32f40_41xxx.o(.text)
    DCMI_IRQHandler                          0x08003667   Thumb Code     0  startup_stm32f40_41xxx.o(.text)
    DMA1_Stream0_IRQHandler                  0x08003667   Thumb Code     0  startup_stm32f40_41xxx.o(.text)
    DMA1_Stream1_IRQHandler                  0x08003667   Thumb Code     0  startup_stm32f40_41xxx.o(.text)
    DMA1_Stream2_IRQHandler                  0x08003667   Thumb Code     0  startup_stm32f40_41xxx.o(.text)
    DMA1_Stream3_IRQHandler                  0x08003667   Thumb Code     0  startup_stm32f40_41xxx.o(.text)
    DMA1_Stream4_IRQHandler                  0x08003667   Thumb Code     0  startup_stm32f40_41xxx.o(.text)
    DMA1_Stream5_IRQHandler                  0x08003667   Thumb Code     0  startup_stm32f40_41xxx.o(.text)
    DMA1_Stream6_IRQHandler                  0x08003667   Thumb Code     0  startup_stm32f40_41xxx.o(.text)
    DMA1_Stream7_IRQHandler                  0x08003667   Thumb Code     0  startup_stm32f40_41xxx.o(.text)
    DMA2_Stream0_IRQHandler                  0x08003667   Thumb Code     0  startup_stm32f40_41xxx.o(.text)
    DMA2_Stream1_IRQHandler                  0x08003667   Thumb Code     0  startup_stm32f40_41xxx.o(.text)
    DMA2_Stream2_IRQHandler                  0x08003667   Thumb Code     0  startup_stm32f40_41xxx.o(.text)
    DMA2_Stream3_IRQHandler                  0x08003667   Thumb Code     0  startup_stm32f40_41xxx.o(.text)
    DMA2_Stream4_IRQHandler                  0x08003667   Thumb Code     0  startup_stm32f40_41xxx.o(.text)
    DMA2_Stream5_IRQHandler                  0x08003667   Thumb Code     0  startup_stm32f40_41xxx.o(.text)
    DMA2_Stream6_IRQHandler                  0x08003667   Thumb Code     0  startup_stm32f40_41xxx.o(.text)
    DMA2_Stream7_IRQHandler                  0x08003667   Thumb Code     0  startup_stm32f40_41xxx.o(.text)
    ETH_IRQHandler                           0x08003667   Thumb Code     0  startup_stm32f40_41xxx.o(.text)
    ETH_WKUP_IRQHandler                      0x08003667   Thumb Code     0  startup_stm32f40_41xxx.o(.text)
    EXTI15_10_IRQHandler                     0x08003667   Thumb Code     0  startup_stm32f40_41xxx.o(.text)
    EXTI1_IRQHandler                         0x08003667   Thumb Code     0  startup_stm32f40_41xxx.o(.text)
    EXTI2_IRQHandler                         0x08003667   Thumb Code     0  startup_stm32f40_41xxx.o(.text)
    EXTI3_IRQHandler                         0x08003667   Thumb Code     0  startup_stm32f40_41xxx.o(.text)
    EXTI4_IRQHandler                         0x08003667   Thumb Code     0  startup_stm32f40_41xxx.o(.text)
    EXTI9_5_IRQHandler                       0x08003667   Thumb Code     0  startup_stm32f40_41xxx.o(.text)
    FLASH_IRQHandler                         0x08003667   Thumb Code     0  startup_stm32f40_41xxx.o(.text)
    FPU_IRQHandler                           0x08003667   Thumb Code     0  startup_stm32f40_41xxx.o(.text)
    FSMC_IRQHandler                          0x08003667   Thumb Code     0  startup_stm32f40_41xxx.o(.text)
    HASH_RNG_IRQHandler                      0x08003667   Thumb Code     0  startup_stm32f40_41xxx.o(.text)
    I2C1_ER_IRQHandler                       0x08003667   Thumb Code     0  startup_stm32f40_41xxx.o(.text)
    I2C1_EV_IRQHandler                       0x08003667   Thumb Code     0  startup_stm32f40_41xxx.o(.text)
    I2C2_ER_IRQHandler                       0x08003667   Thumb Code     0  startup_stm32f40_41xxx.o(.text)
    I2C2_EV_IRQHandler                       0x08003667   Thumb Code     0  startup_stm32f40_41xxx.o(.text)
    I2C3_ER_IRQHandler                       0x08003667   Thumb Code     0  startup_stm32f40_41xxx.o(.text)
    I2C3_EV_IRQHandler                       0x08003667   Thumb Code     0  startup_stm32f40_41xxx.o(.text)
    OTG_FS_IRQHandler                        0x08003667   Thumb Code     0  startup_stm32f40_41xxx.o(.text)
    OTG_FS_WKUP_IRQHandler                   0x08003667   Thumb Code     0  startup_stm32f40_41xxx.o(.text)
    OTG_HS_EP1_IN_IRQHandler                 0x08003667   Thumb Code     0  startup_stm32f40_41xxx.o(.text)
    OTG_HS_EP1_OUT_IRQHandler                0x08003667   Thumb Code     0  startup_stm32f40_41xxx.o(.text)
    OTG_HS_IRQHandler                        0x08003667   Thumb Code     0  startup_stm32f40_41xxx.o(.text)
    OTG_HS_WKUP_IRQHandler                   0x08003667   Thumb Code     0  startup_stm32f40_41xxx.o(.text)
    PVD_IRQHandler                           0x08003667   Thumb Code     0  startup_stm32f40_41xxx.o(.text)
    RCC_IRQHandler                           0x08003667   Thumb Code     0  startup_stm32f40_41xxx.o(.text)
    RTC_Alarm_IRQHandler                     0x08003667   Thumb Code     0  startup_stm32f40_41xxx.o(.text)
    RTC_WKUP_IRQHandler                      0x08003667   Thumb Code     0  startup_stm32f40_41xxx.o(.text)
    SDIO_IRQHandler                          0x08003667   Thumb Code     0  startup_stm32f40_41xxx.o(.text)
    SPI1_IRQHandler                          0x08003667   Thumb Code     0  startup_stm32f40_41xxx.o(.text)
    SPI2_IRQHandler                          0x08003667   Thumb Code     0  startup_stm32f40_41xxx.o(.text)
    SPI3_IRQHandler                          0x08003667   Thumb Code     0  startup_stm32f40_41xxx.o(.text)
    TAMP_STAMP_IRQHandler                    0x08003667   Thumb Code     0  startup_stm32f40_41xxx.o(.text)
    TIM1_BRK_TIM9_IRQHandler                 0x08003667   Thumb Code     0  startup_stm32f40_41xxx.o(.text)
    TIM1_CC_IRQHandler                       0x08003667   Thumb Code     0  startup_stm32f40_41xxx.o(.text)
    TIM1_TRG_COM_TIM11_IRQHandler            0x08003667   Thumb Code     0  startup_stm32f40_41xxx.o(.text)
    TIM1_UP_TIM10_IRQHandler                 0x08003667   Thumb Code     0  startup_stm32f40_41xxx.o(.text)
    TIM2_IRQHandler                          0x08003667   Thumb Code     0  startup_stm32f40_41xxx.o(.text)
    TIM4_IRQHandler                          0x08003667   Thumb Code     0  startup_stm32f40_41xxx.o(.text)
    TIM6_DAC_IRQHandler                      0x08003667   Thumb Code     0  startup_stm32f40_41xxx.o(.text)
    TIM8_BRK_TIM12_IRQHandler                0x08003667   Thumb Code     0  startup_stm32f40_41xxx.o(.text)
    TIM8_CC_IRQHandler                       0x08003667   Thumb Code     0  startup_stm32f40_41xxx.o(.text)
    TIM8_TRG_COM_TIM14_IRQHandler            0x08003667   Thumb Code     0  startup_stm32f40_41xxx.o(.text)
    TIM8_UP_TIM13_IRQHandler                 0x08003667   Thumb Code     0  startup_stm32f40_41xxx.o(.text)
    UART4_IRQHandler                         0x08003667   Thumb Code     0  startup_stm32f40_41xxx.o(.text)
    UART5_IRQHandler                         0x08003667   Thumb Code     0  startup_stm32f40_41xxx.o(.text)
    USART2_IRQHandler                        0x08003667   Thumb Code     0  startup_stm32f40_41xxx.o(.text)
    USART3_IRQHandler                        0x08003667   Thumb Code     0  startup_stm32f40_41xxx.o(.text)
    USART6_IRQHandler                        0x08003667   Thumb Code     0  startup_stm32f40_41xxx.o(.text)
    WWDG_IRQHandler                          0x08003667   Thumb Code     0  startup_stm32f40_41xxx.o(.text)
    NVIC_PriorityGroupConfig                 0x08003671   Thumb Code    10  misc.o(.text)
    NVIC_Init                                0x0800367b   Thumb Code   106  misc.o(.text)
    NVIC_SetVectorTable                      0x080036e5   Thumb Code    14  misc.o(.text)
    NVIC_SystemLPConfig                      0x080036f3   Thumb Code    34  misc.o(.text)
    SysTick_CLKSourceConfig                  0x08003715   Thumb Code    40  misc.o(.text)
    GPIO_DeInit                              0x08003751   Thumb Code   268  stm32f4xx_gpio.o(.text)
    GPIO_Init                                0x0800385d   Thumb Code   144  stm32f4xx_gpio.o(.text)
    GPIO_StructInit                          0x080038ed   Thumb Code    18  stm32f4xx_gpio.o(.text)
    GPIO_PinLockConfig                       0x080038ff   Thumb Code    34  stm32f4xx_gpio.o(.text)
    GPIO_ReadInputDataBit                    0x08003921   Thumb Code    18  stm32f4xx_gpio.o(.text)
    GPIO_ReadInputData                       0x08003933   Thumb Code     8  stm32f4xx_gpio.o(.text)
    GPIO_ReadOutputDataBit                   0x0800393b   Thumb Code    18  stm32f4xx_gpio.o(.text)
    GPIO_ReadOutputData                      0x0800394d   Thumb Code     8  stm32f4xx_gpio.o(.text)
    GPIO_SetBits                             0x08003955   Thumb Code     4  stm32f4xx_gpio.o(.text)
    GPIO_ResetBits                           0x08003959   Thumb Code     4  stm32f4xx_gpio.o(.text)
    GPIO_WriteBit                            0x0800395d   Thumb Code    10  stm32f4xx_gpio.o(.text)
    GPIO_Write                               0x08003967   Thumb Code     4  stm32f4xx_gpio.o(.text)
    GPIO_ToggleBits                          0x0800396b   Thumb Code     8  stm32f4xx_gpio.o(.text)
    GPIO_PinAFConfig                         0x08003973   Thumb Code    70  stm32f4xx_gpio.o(.text)
    USART_DeInit                             0x080039e5   Thumb Code   206  stm32f4xx_usart.o(.text)
    USART_Init                               0x08003ab3   Thumb Code   204  stm32f4xx_usart.o(.text)
    USART_StructInit                         0x08003b7f   Thumb Code    24  stm32f4xx_usart.o(.text)
    USART_ClockInit                          0x08003b97   Thumb Code    32  stm32f4xx_usart.o(.text)
    USART_ClockStructInit                    0x08003bb7   Thumb Code    12  stm32f4xx_usart.o(.text)
    USART_Cmd                                0x08003bc3   Thumb Code    24  stm32f4xx_usart.o(.text)
    USART_SetPrescaler                       0x08003bdb   Thumb Code    16  stm32f4xx_usart.o(.text)
    USART_OverSampling8Cmd                   0x08003beb   Thumb Code    22  stm32f4xx_usart.o(.text)
    USART_OneBitMethodCmd                    0x08003c01   Thumb Code    24  stm32f4xx_usart.o(.text)
    USART_SendData                           0x08003c19   Thumb Code     8  stm32f4xx_usart.o(.text)
    USART_ReceiveData                        0x08003c21   Thumb Code    10  stm32f4xx_usart.o(.text)
    USART_SetAddress                         0x08003c2b   Thumb Code    18  stm32f4xx_usart.o(.text)
    USART_ReceiverWakeUpCmd                  0x08003c3d   Thumb Code    24  stm32f4xx_usart.o(.text)
    USART_WakeUpConfig                       0x08003c55   Thumb Code    18  stm32f4xx_usart.o(.text)
    USART_LINBreakDetectLengthConfig         0x08003c67   Thumb Code    18  stm32f4xx_usart.o(.text)
    USART_LINCmd                             0x08003c79   Thumb Code    24  stm32f4xx_usart.o(.text)
    USART_SendBreak                          0x08003c91   Thumb Code    10  stm32f4xx_usart.o(.text)
    USART_HalfDuplexCmd                      0x08003c9b   Thumb Code    24  stm32f4xx_usart.o(.text)
    USART_SetGuardTime                       0x08003cb3   Thumb Code    16  stm32f4xx_usart.o(.text)
    USART_SmartCardCmd                       0x08003cc3   Thumb Code    24  stm32f4xx_usart.o(.text)
    USART_SmartCardNACKCmd                   0x08003cdb   Thumb Code    24  stm32f4xx_usart.o(.text)
    USART_IrDAConfig                         0x08003cf3   Thumb Code    18  stm32f4xx_usart.o(.text)
    USART_IrDACmd                            0x08003d05   Thumb Code    24  stm32f4xx_usart.o(.text)
    USART_DMACmd                             0x08003d1d   Thumb Code    18  stm32f4xx_usart.o(.text)
    USART_ITConfig                           0x08003d2f   Thumb Code    74  stm32f4xx_usart.o(.text)
    USART_GetFlagStatus                      0x08003d79   Thumb Code    26  stm32f4xx_usart.o(.text)
    USART_ClearFlag                          0x08003d93   Thumb Code    18  stm32f4xx_usart.o(.text)
    USART_GetITStatus                        0x08003da5   Thumb Code   118  stm32f4xx_usart.o(.text)
    USART_ClearITPendingBit                  0x08003e1b   Thumb Code    30  stm32f4xx_usart.o(.text)
    TIM_DeInit                               0x08003e39   Thumb Code   346  stm32f4xx_tim.o(.text)
    TIM_TimeBaseInit                         0x08003f93   Thumb Code   104  stm32f4xx_tim.o(.text)
    TIM_TimeBaseStructInit                   0x08003ffb   Thumb Code    18  stm32f4xx_tim.o(.text)
    TIM_PrescalerConfig                      0x0800400d   Thumb Code     6  stm32f4xx_tim.o(.text)
    TIM_CounterModeConfig                    0x08004013   Thumb Code    18  stm32f4xx_tim.o(.text)
    TIM_SetCounter                           0x08004025   Thumb Code     4  stm32f4xx_tim.o(.text)
    TIM_SetAutoreload                        0x08004029   Thumb Code     4  stm32f4xx_tim.o(.text)
    TIM_GetCounter                           0x0800402d   Thumb Code     6  stm32f4xx_tim.o(.text)
    TIM_GetPrescaler                         0x08004033   Thumb Code     6  stm32f4xx_tim.o(.text)
    TIM_UpdateDisableConfig                  0x08004039   Thumb Code    24  stm32f4xx_tim.o(.text)
    TIM_UpdateRequestConfig                  0x08004051   Thumb Code    24  stm32f4xx_tim.o(.text)
    TIM_ARRPreloadConfig                     0x08004069   Thumb Code    24  stm32f4xx_tim.o(.text)
    TIM_SelectOnePulseMode                   0x08004081   Thumb Code    18  stm32f4xx_tim.o(.text)
    TIM_SetClockDivision                     0x08004093   Thumb Code    18  stm32f4xx_tim.o(.text)
    TIM_Cmd                                  0x080040a5   Thumb Code    24  stm32f4xx_tim.o(.text)
    TIM_OC1Init                              0x080040bd   Thumb Code   114  stm32f4xx_tim.o(.text)
    TIM_OC2Init                              0x0800412f   Thumb Code   154  stm32f4xx_tim.o(.text)
    TIM_OC3Init                              0x080041c9   Thumb Code   204  stm32f4xx_tim.o(.text)
    TIM_OC4Init                              0x08004295   Thumb Code   112  stm32f4xx_tim.o(.text)
    TIM_OCStructInit                         0x08004305   Thumb Code    20  stm32f4xx_tim.o(.text)
    TIM_SelectOCxM                           0x08004319   Thumb Code    86  stm32f4xx_tim.o(.text)
    TIM_SetCompare1                          0x0800436f   Thumb Code     4  stm32f4xx_tim.o(.text)
    TIM_SetCompare2                          0x08004373   Thumb Code     4  stm32f4xx_tim.o(.text)
    TIM_SetCompare3                          0x08004377   Thumb Code     4  stm32f4xx_tim.o(.text)
    TIM_SetCompare4                          0x0800437b   Thumb Code     4  stm32f4xx_tim.o(.text)
    TIM_ForcedOC1Config                      0x0800437f   Thumb Code    18  stm32f4xx_tim.o(.text)
    TIM_ForcedOC2Config                      0x08004391   Thumb Code    26  stm32f4xx_tim.o(.text)
    TIM_ForcedOC3Config                      0x080043ab   Thumb Code    18  stm32f4xx_tim.o(.text)
    TIM_ForcedOC4Config                      0x080043bd   Thumb Code    26  stm32f4xx_tim.o(.text)
    TIM_OC1PreloadConfig                     0x080043d7   Thumb Code    18  stm32f4xx_tim.o(.text)
    TIM_OC2PreloadConfig                     0x080043e9   Thumb Code    26  stm32f4xx_tim.o(.text)
    TIM_OC3PreloadConfig                     0x08004403   Thumb Code    18  stm32f4xx_tim.o(.text)
    TIM_OC4PreloadConfig                     0x08004415   Thumb Code    26  stm32f4xx_tim.o(.text)
    TIM_OC1FastConfig                        0x0800442f   Thumb Code    18  stm32f4xx_tim.o(.text)
    TIM_OC2FastConfig                        0x08004441   Thumb Code    26  stm32f4xx_tim.o(.text)
    TIM_OC3FastConfig                        0x0800445b   Thumb Code    18  stm32f4xx_tim.o(.text)
    TIM_OC4FastConfig                        0x0800446d   Thumb Code    26  stm32f4xx_tim.o(.text)
    TIM_ClearOC1Ref                          0x08004487   Thumb Code    18  stm32f4xx_tim.o(.text)
    TIM_ClearOC2Ref                          0x08004499   Thumb Code    24  stm32f4xx_tim.o(.text)
    TIM_ClearOC3Ref                          0x080044b1   Thumb Code    18  stm32f4xx_tim.o(.text)
    TIM_ClearOC4Ref                          0x080044c3   Thumb Code    24  stm32f4xx_tim.o(.text)
    TIM_OC1PolarityConfig                    0x080044db   Thumb Code    18  stm32f4xx_tim.o(.text)
    TIM_OC1NPolarityConfig                   0x080044ed   Thumb Code    18  stm32f4xx_tim.o(.text)
    TIM_OC2PolarityConfig                    0x080044ff   Thumb Code    26  stm32f4xx_tim.o(.text)
    TIM_OC2NPolarityConfig                   0x08004519   Thumb Code    26  stm32f4xx_tim.o(.text)
    TIM_OC3PolarityConfig                    0x08004533   Thumb Code    26  stm32f4xx_tim.o(.text)
    TIM_OC3NPolarityConfig                   0x0800454d   Thumb Code    26  stm32f4xx_tim.o(.text)
    TIM_OC4PolarityConfig                    0x08004567   Thumb Code    26  stm32f4xx_tim.o(.text)
    TIM_CCxCmd                               0x08004581   Thumb Code    30  stm32f4xx_tim.o(.text)
    TIM_CCxNCmd                              0x0800459f   Thumb Code    30  stm32f4xx_tim.o(.text)
    TIM_SetIC4Prescaler                      0x080045bd   Thumb Code    26  stm32f4xx_tim.o(.text)
    TIM_SetIC3Prescaler                      0x08004627   Thumb Code    18  stm32f4xx_tim.o(.text)
    TIM_SetIC2Prescaler                      0x08004681   Thumb Code    26  stm32f4xx_tim.o(.text)
    TIM_SetIC1Prescaler                      0x080046f5   Thumb Code    18  stm32f4xx_tim.o(.text)
    TIM_ICInit                               0x08004741   Thumb Code   110  stm32f4xx_tim.o(.text)
    TIM_ICStructInit                         0x080047af   Thumb Code    18  stm32f4xx_tim.o(.text)
    TIM_PWMIConfig                           0x080047c1   Thumb Code   124  stm32f4xx_tim.o(.text)
    TIM_GetCapture1                          0x0800483d   Thumb Code     6  stm32f4xx_tim.o(.text)
    TIM_GetCapture2                          0x08004843   Thumb Code     6  stm32f4xx_tim.o(.text)
    TIM_GetCapture3                          0x08004849   Thumb Code     6  stm32f4xx_tim.o(.text)
    TIM_GetCapture4                          0x0800484f   Thumb Code     6  stm32f4xx_tim.o(.text)
    TIM_BDTRConfig                           0x08004855   Thumb Code    32  stm32f4xx_tim.o(.text)
    TIM_BDTRStructInit                       0x08004875   Thumb Code    18  stm32f4xx_tim.o(.text)
    TIM_CtrlPWMOutputs                       0x08004887   Thumb Code    30  stm32f4xx_tim.o(.text)
    TIM_SelectCOM                            0x080048a5   Thumb Code    24  stm32f4xx_tim.o(.text)
    TIM_CCPreloadControl                     0x080048bd   Thumb Code    24  stm32f4xx_tim.o(.text)
    TIM_ITConfig                             0x080048d5   Thumb Code    18  stm32f4xx_tim.o(.text)
    TIM_GenerateEvent                        0x080048e7   Thumb Code     4  stm32f4xx_tim.o(.text)
    TIM_GetFlagStatus                        0x080048eb   Thumb Code    18  stm32f4xx_tim.o(.text)
    TIM_ClearFlag                            0x080048fd   Thumb Code     6  stm32f4xx_tim.o(.text)
    TIM_GetITStatus                          0x08004903   Thumb Code    34  stm32f4xx_tim.o(.text)
    TIM_ClearITPendingBit                    0x08004925   Thumb Code     6  stm32f4xx_tim.o(.text)
    TIM_DMAConfig                            0x0800492b   Thumb Code    10  stm32f4xx_tim.o(.text)
    TIM_DMACmd                               0x08004935   Thumb Code    18  stm32f4xx_tim.o(.text)
    TIM_SelectCCDMA                          0x08004947   Thumb Code    24  stm32f4xx_tim.o(.text)
    TIM_InternalClockConfig                  0x0800495f   Thumb Code    12  stm32f4xx_tim.o(.text)
    TIM_SelectInputTrigger                   0x0800496b   Thumb Code    18  stm32f4xx_tim.o(.text)
    TIM_ITRxExternalClockConfig              0x0800497d   Thumb Code    24  stm32f4xx_tim.o(.text)
    TIM_TIxExternalClockConfig               0x08004995   Thumb Code    62  stm32f4xx_tim.o(.text)
    TIM_ETRConfig                            0x080049d3   Thumb Code    28  stm32f4xx_tim.o(.text)
    TIM_ETRClockMode1Config                  0x080049ef   Thumb Code    54  stm32f4xx_tim.o(.text)
    TIM_ETRClockMode2Config                  0x08004a25   Thumb Code    32  stm32f4xx_tim.o(.text)
    TIM_SelectOutputTrigger                  0x08004a45   Thumb Code    18  stm32f4xx_tim.o(.text)
    TIM_SelectSlaveMode                      0x08004a57   Thumb Code    18  stm32f4xx_tim.o(.text)
    TIM_SelectMasterSlaveMode                0x08004a69   Thumb Code    18  stm32f4xx_tim.o(.text)
    TIM_EncoderInterfaceConfig               0x08004a7b   Thumb Code    66  stm32f4xx_tim.o(.text)
    TIM_SelectHallSensor                     0x08004abd   Thumb Code    24  stm32f4xx_tim.o(.text)
    TIM_RemapConfig                          0x08004ad5   Thumb Code     6  stm32f4xx_tim.o(.text)
    SYSCFG_DeInit                            0x08004add   Thumb Code    22  stm32f4xx_syscfg.o(.text)
    SYSCFG_MemoryRemapConfig                 0x08004af3   Thumb Code     6  stm32f4xx_syscfg.o(.text)
    SYSCFG_MemorySwappingBank                0x08004af9   Thumb Code     6  stm32f4xx_syscfg.o(.text)
    SYSCFG_EXTILineConfig                    0x08004aff   Thumb Code    66  stm32f4xx_syscfg.o(.text)
    SYSCFG_ETH_MediaInterfaceConfig          0x08004b41   Thumb Code     8  stm32f4xx_syscfg.o(.text)
    SYSCFG_CompensationCellCmd               0x08004b49   Thumb Code     6  stm32f4xx_syscfg.o(.text)
    SYSCFG_GetCompensationCellStatus         0x08004b4f   Thumb Code    22  stm32f4xx_syscfg.o(.text)
    RCC_DeInit                               0x08004b71   Thumb Code    82  stm32f4xx_rcc.o(.text)
    RCC_HSEConfig                            0x08004bc3   Thumb Code    14  stm32f4xx_rcc.o(.text)
    RCC_GetFlagStatus                        0x08004bd1   Thumb Code    60  stm32f4xx_rcc.o(.text)
    RCC_WaitForHSEStartUp                    0x08004c0d   Thumb Code    56  stm32f4xx_rcc.o(.text)
    RCC_AdjustHSICalibrationValue            0x08004c45   Thumb Code    20  stm32f4xx_rcc.o(.text)
    RCC_HSICmd                               0x08004c59   Thumb Code     6  stm32f4xx_rcc.o(.text)
    RCC_LSEConfig                            0x08004c5f   Thumb Code    46  stm32f4xx_rcc.o(.text)
    RCC_LSICmd                               0x08004c8d   Thumb Code     6  stm32f4xx_rcc.o(.text)
    RCC_PLLConfig                            0x08004c93   Thumb Code    32  stm32f4xx_rcc.o(.text)
    RCC_PLLCmd                               0x08004cb3   Thumb Code     6  stm32f4xx_rcc.o(.text)
    RCC_PLLI2SConfig                         0x08004cb9   Thumb Code    14  stm32f4xx_rcc.o(.text)
    RCC_PLLI2SCmd                            0x08004cc7   Thumb Code     6  stm32f4xx_rcc.o(.text)
    RCC_PLLSAIConfig                         0x08004ccd   Thumb Code    20  stm32f4xx_rcc.o(.text)
    RCC_PLLSAICmd                            0x08004ce1   Thumb Code     6  stm32f4xx_rcc.o(.text)
    RCC_ClockSecuritySystemCmd               0x08004ce7   Thumb Code     6  stm32f4xx_rcc.o(.text)
    RCC_MCO1Config                           0x08004ced   Thumb Code    28  stm32f4xx_rcc.o(.text)
    RCC_MCO2Config                           0x08004d09   Thumb Code    28  stm32f4xx_rcc.o(.text)
    RCC_SYSCLKConfig                         0x08004d25   Thumb Code    20  stm32f4xx_rcc.o(.text)
    RCC_GetSYSCLKSource                      0x08004d39   Thumb Code    12  stm32f4xx_rcc.o(.text)
    RCC_HCLKConfig                           0x08004d45   Thumb Code    20  stm32f4xx_rcc.o(.text)
    RCC_PCLK1Config                          0x08004d59   Thumb Code    20  stm32f4xx_rcc.o(.text)
    RCC_PCLK2Config                          0x08004d6d   Thumb Code    22  stm32f4xx_rcc.o(.text)
    RCC_GetClocksFreq                        0x08004d83   Thumb Code   222  stm32f4xx_rcc.o(.text)
    RCC_RTCCLKConfig                         0x08004e61   Thumb Code    54  stm32f4xx_rcc.o(.text)
    RCC_RTCCLKCmd                            0x08004e97   Thumb Code     8  stm32f4xx_rcc.o(.text)
    RCC_BackupResetCmd                       0x08004e9f   Thumb Code     8  stm32f4xx_rcc.o(.text)
    RCC_I2SCLKConfig                         0x08004ea7   Thumb Code     6  stm32f4xx_rcc.o(.text)
    RCC_SAIPLLI2SClkDivConfig                0x08004ead   Thumb Code    26  stm32f4xx_rcc.o(.text)
    RCC_SAIPLLSAIClkDivConfig                0x08004ec7   Thumb Code    28  stm32f4xx_rcc.o(.text)
    RCC_SAIBlockACLKConfig                   0x08004ee3   Thumb Code    20  stm32f4xx_rcc.o(.text)
    RCC_SAIBlockBCLKConfig                   0x08004ef7   Thumb Code    20  stm32f4xx_rcc.o(.text)
    RCC_LTDCCLKDivConfig                     0x08004f0b   Thumb Code    20  stm32f4xx_rcc.o(.text)
    RCC_TIMCLKPresConfig                     0x08004f1f   Thumb Code     6  stm32f4xx_rcc.o(.text)
    RCC_AHB1PeriphClockCmd                   0x08004f25   Thumb Code    34  stm32f4xx_rcc.o(.text)
    RCC_AHB2PeriphClockCmd                   0x08004f47   Thumb Code    78  stm32f4xx_rcc.o(.text)
    RCC_AHB3PeriphClockCmd                   0x08004f95   Thumb Code    34  stm32f4xx_rcc.o(.text)
    RCC_APB1PeriphClockCmd                   0x08004fb7   Thumb Code    34  stm32f4xx_rcc.o(.text)
    RCC_APB2PeriphClockCmd                   0x08004fd9   Thumb Code    34  stm32f4xx_rcc.o(.text)
    RCC_AHB1PeriphResetCmd                   0x08004ffb   Thumb Code    34  stm32f4xx_rcc.o(.text)
    RCC_AHB2PeriphResetCmd                   0x0800501d   Thumb Code    34  stm32f4xx_rcc.o(.text)
    RCC_AHB3PeriphResetCmd                   0x0800503f   Thumb Code    34  stm32f4xx_rcc.o(.text)
    RCC_APB1PeriphResetCmd                   0x08005061   Thumb Code    34  stm32f4xx_rcc.o(.text)
    RCC_APB2PeriphResetCmd                   0x08005083   Thumb Code    34  stm32f4xx_rcc.o(.text)
    RCC_AHB1PeriphClockLPModeCmd             0x080050a5   Thumb Code    34  stm32f4xx_rcc.o(.text)
    RCC_AHB2PeriphClockLPModeCmd             0x080050c7   Thumb Code    34  stm32f4xx_rcc.o(.text)
    RCC_AHB3PeriphClockLPModeCmd             0x080050e9   Thumb Code    34  stm32f4xx_rcc.o(.text)
    RCC_APB1PeriphClockLPModeCmd             0x0800510b   Thumb Code    34  stm32f4xx_rcc.o(.text)
    RCC_APB2PeriphClockLPModeCmd             0x0800512d   Thumb Code    34  stm32f4xx_rcc.o(.text)
    RCC_LSEModeConfig                        0x0800514f   Thumb Code    40  stm32f4xx_rcc.o(.text)
    RCC_ITConfig                             0x08005177   Thumb Code    34  stm32f4xx_rcc.o(.text)
    RCC_ClearFlag                            0x08005199   Thumb Code    18  stm32f4xx_rcc.o(.text)
    RCC_GetITStatus                          0x080051ab   Thumb Code    22  stm32f4xx_rcc.o(.text)
    RCC_ClearITPendingBit                    0x080051c1   Thumb Code     8  stm32f4xx_rcc.o(.text)
    ADC_DeInit                               0x080051cd   Thumb Code    22  stm32f4xx_adc.o(.text)
    ADC_Init                                 0x080051e3   Thumb Code    74  stm32f4xx_adc.o(.text)
    ADC_StructInit                           0x0800522d   Thumb Code    20  stm32f4xx_adc.o(.text)
    ADC_CommonInit                           0x08005241   Thumb Code    34  stm32f4xx_adc.o(.text)
    ADC_CommonStructInit                     0x08005263   Thumb Code    12  stm32f4xx_adc.o(.text)
    ADC_Cmd                                  0x0800526f   Thumb Code    22  stm32f4xx_adc.o(.text)
    ADC_AnalogWatchdogCmd                    0x08005285   Thumb Code    16  stm32f4xx_adc.o(.text)
    ADC_AnalogWatchdogThresholdsConfig       0x08005295   Thumb Code     6  stm32f4xx_adc.o(.text)
    ADC_AnalogWatchdogSingleChannelConfig    0x0800529b   Thumb Code    16  stm32f4xx_adc.o(.text)
    ADC_TempSensorVrefintCmd                 0x080052ab   Thumb Code    34  stm32f4xx_adc.o(.text)
    ADC_VBATCmd                              0x080052cd   Thumb Code    34  stm32f4xx_adc.o(.text)
    ADC_RegularChannelConfig                 0x080052ef   Thumb Code   184  stm32f4xx_adc.o(.text)
    ADC_SoftwareStartConv                    0x080053a7   Thumb Code    10  stm32f4xx_adc.o(.text)
    ADC_GetSoftwareStartConvStatus           0x080053b1   Thumb Code    20  stm32f4xx_adc.o(.text)
    ADC_EOCOnEachRegularChannelCmd           0x080053c5   Thumb Code    22  stm32f4xx_adc.o(.text)
    ADC_ContinuousModeCmd                    0x080053db   Thumb Code    22  stm32f4xx_adc.o(.text)
    ADC_DiscModeChannelCountConfig           0x080053f1   Thumb Code    24  stm32f4xx_adc.o(.text)
    ADC_DiscModeCmd                          0x08005409   Thumb Code    22  stm32f4xx_adc.o(.text)
    ADC_GetConversionValue                   0x0800541f   Thumb Code     8  stm32f4xx_adc.o(.text)
    ADC_GetMultiModeConversionValue          0x08005427   Thumb Code     8  stm32f4xx_adc.o(.text)
    ADC_DMACmd                               0x0800542f   Thumb Code    22  stm32f4xx_adc.o(.text)
    ADC_DMARequestAfterLastTransferCmd       0x08005445   Thumb Code    22  stm32f4xx_adc.o(.text)
    ADC_MultiModeDMARequestAfterLastTransferCmd 0x0800545b   Thumb Code    34  stm32f4xx_adc.o(.text)
    ADC_InjectedChannelConfig                0x0800547d   Thumb Code   130  stm32f4xx_adc.o(.text)
    ADC_InjectedSequencerLengthConfig        0x080054ff   Thumb Code    24  stm32f4xx_adc.o(.text)
    ADC_SetInjectedOffset                    0x08005517   Thumb Code    20  stm32f4xx_adc.o(.text)
    ADC_ExternalTrigInjectedConvConfig       0x0800552b   Thumb Code    16  stm32f4xx_adc.o(.text)
    ADC_ExternalTrigInjectedConvEdgeConfig   0x0800553b   Thumb Code    16  stm32f4xx_adc.o(.text)
    ADC_SoftwareStartInjectedConv            0x0800554b   Thumb Code    10  stm32f4xx_adc.o(.text)
    ADC_GetSoftwareStartInjectedConvCmdStatus 0x08005555   Thumb Code    20  stm32f4xx_adc.o(.text)
    ADC_AutoInjectedConvCmd                  0x08005569   Thumb Code    22  stm32f4xx_adc.o(.text)
    ADC_InjectedDiscModeCmd                  0x0800557f   Thumb Code    22  stm32f4xx_adc.o(.text)
    ADC_GetInjectedConversionValue           0x08005595   Thumb Code    28  stm32f4xx_adc.o(.text)
    ADC_ITConfig                             0x080055b1   Thumb Code    56  stm32f4xx_adc.o(.text)
    ADC_GetFlagStatus                        0x080055e9   Thumb Code    18  stm32f4xx_adc.o(.text)
    ADC_ClearFlag                            0x080055fb   Thumb Code     6  stm32f4xx_adc.o(.text)
    ADC_GetITStatus                          0x08005601   Thumb Code    38  stm32f4xx_adc.o(.text)
    ADC_ClearITPendingBit                    0x08005627   Thumb Code    10  stm32f4xx_adc.o(.text)
    CAN_DeInit                               0x08005631   Thumb Code    50  stm32f4xx_can.o(.text)
    CAN_Init                                 0x08005663   Thumb Code   276  stm32f4xx_can.o(.text)
    CAN_FilterInit                           0x08005777   Thumb Code   258  stm32f4xx_can.o(.text)
    CAN_StructInit                           0x08005879   Thumb Code    32  stm32f4xx_can.o(.text)
    CAN_SlaveStartBank                       0x08005899   Thumb Code    48  stm32f4xx_can.o(.text)
    CAN_DBGFreeze                            0x080058c9   Thumb Code    22  stm32f4xx_can.o(.text)
    CAN_TTComModeCmd                         0x080058df   Thumb Code   118  stm32f4xx_can.o(.text)
    CAN_Transmit                             0x08005955   Thumb Code   304  stm32f4xx_can.o(.text)
    CAN_TransmitStatus                       0x08005a85   Thumb Code   138  stm32f4xx_can.o(.text)
    CAN_CancelTransmit                       0x08005b0f   Thumb Code    48  stm32f4xx_can.o(.text)
    CAN_Receive                              0x08005b3f   Thumb Code   240  stm32f4xx_can.o(.text)
    CAN_FIFORelease                          0x08005c2f   Thumb Code    22  stm32f4xx_can.o(.text)
    CAN_MessagePending                       0x08005c45   Thumb Code    30  stm32f4xx_can.o(.text)
    CAN_OperatingModeRequest                 0x08005c63   Thumb Code   162  stm32f4xx_can.o(.text)
    CAN_Sleep                                0x08005d05   Thumb Code    30  stm32f4xx_can.o(.text)
    CAN_WakeUp                               0x08005d23   Thumb Code    48  stm32f4xx_can.o(.text)
    CAN_GetLastErrorCode                     0x08005d53   Thumb Code    12  stm32f4xx_can.o(.text)
    CAN_GetReceiveErrorCounter               0x08005d5f   Thumb Code    10  stm32f4xx_can.o(.text)
    CAN_GetLSBTransmitErrorCounter           0x08005d69   Thumb Code    12  stm32f4xx_can.o(.text)
    CAN_ITConfig                             0x08005d75   Thumb Code    18  stm32f4xx_can.o(.text)
    CAN_GetFlagStatus                        0x08005d87   Thumb Code   120  stm32f4xx_can.o(.text)
    CAN_ClearFlag                            0x08005dff   Thumb Code    52  stm32f4xx_can.o(.text)
    CAN_GetITStatus                          0x08005e45   Thumb Code   310  stm32f4xx_can.o(.text)
    CAN_ClearITPendingBit                    0x08005f7b   Thumb Code   162  stm32f4xx_can.o(.text)
    EXTI_DeInit                              0x08006021   Thumb Code    28  stm32f4xx_exti.o(.text)
    EXTI_Init                                0x0800603d   Thumb Code   142  stm32f4xx_exti.o(.text)
    EXTI_StructInit                          0x080060cb   Thumb Code    16  stm32f4xx_exti.o(.text)
    EXTI_GenerateSWInterrupt                 0x080060db   Thumb Code    16  stm32f4xx_exti.o(.text)
    EXTI_GetFlagStatus                       0x080060eb   Thumb Code    22  stm32f4xx_exti.o(.text)
    EXTI_ClearFlag                           0x08006101   Thumb Code     8  stm32f4xx_exti.o(.text)
    EXTI_GetITStatus                         0x08006109   Thumb Code    22  stm32f4xx_exti.o(.text)
    EXTI_ClearITPendingBit                   0x0800611f   Thumb Code     8  stm32f4xx_exti.o(.text)
    SPI_I2S_DeInit                           0x08006131   Thumb Code   152  stm32f4xx_spi.o(.text)
    SPI_Init                                 0x080061c9   Thumb Code    60  stm32f4xx_spi.o(.text)
    I2S_Init                                 0x08006205   Thumb Code   396  stm32f4xx_spi.o(.text)
    SPI_StructInit                           0x08006391   Thumb Code    24  stm32f4xx_spi.o(.text)
    I2S_StructInit                           0x080063a9   Thumb Code    20  stm32f4xx_spi.o(.text)
    SPI_Cmd                                  0x080063bd   Thumb Code    24  stm32f4xx_spi.o(.text)
    I2S_Cmd                                  0x080063d5   Thumb Code    24  stm32f4xx_spi.o(.text)
    SPI_DataSizeConfig                       0x080063ed   Thumb Code    18  stm32f4xx_spi.o(.text)
    SPI_BiDirectionalLineConfig              0x080063ff   Thumb Code    28  stm32f4xx_spi.o(.text)
    SPI_NSSInternalSoftwareConfig            0x0800641b   Thumb Code    30  stm32f4xx_spi.o(.text)
    SPI_SSOutputCmd                          0x08006439   Thumb Code    24  stm32f4xx_spi.o(.text)
    SPI_TIModeCmd                            0x08006451   Thumb Code    24  stm32f4xx_spi.o(.text)
    I2S_FullDuplexConfig                     0x08006469   Thumb Code    80  stm32f4xx_spi.o(.text)
    SPI_I2S_ReceiveData                      0x080064b9   Thumb Code     6  stm32f4xx_spi.o(.text)
    SPI_I2S_SendData                         0x080064bf   Thumb Code     4  stm32f4xx_spi.o(.text)
    SPI_CalculateCRC                         0x080064c3   Thumb Code    24  stm32f4xx_spi.o(.text)
    SPI_TransmitCRC                          0x080064db   Thumb Code    10  stm32f4xx_spi.o(.text)
    SPI_GetCRC                               0x080064e5   Thumb Code    16  stm32f4xx_spi.o(.text)
    SPI_GetCRCPolynomial                     0x080064f5   Thumb Code     6  stm32f4xx_spi.o(.text)
    SPI_I2S_DMACmd                           0x080064fb   Thumb Code    18  stm32f4xx_spi.o(.text)
    SPI_I2S_ITConfig                         0x0800650d   Thumb Code    68  stm32f4xx_spi.o(.text)
    SPI_I2S_GetFlagStatus                    0x08006551   Thumb Code    18  stm32f4xx_spi.o(.text)
    SPI_I2S_ClearFlag                        0x08006563   Thumb Code     6  stm32f4xx_spi.o(.text)
    SPI_I2S_GetITStatus                      0x08006569   Thumb Code    52  stm32f4xx_spi.o(.text)
    SPI_I2S_ClearITPendingBit                0x0800659d   Thumb Code    20  stm32f4xx_spi.o(.text)
    IWDG_WriteAccessCmd                      0x080065b1   Thumb Code     6  stm32f4xx_iwdg.o(.text)
    IWDG_SetPrescaler                        0x080065b7   Thumb Code     6  stm32f4xx_iwdg.o(.text)
    IWDG_SetReload                           0x080065bd   Thumb Code     6  stm32f4xx_iwdg.o(.text)
    IWDG_ReloadCounter                       0x080065c3   Thumb Code    10  stm32f4xx_iwdg.o(.text)
    IWDG_Enable                              0x080065cd   Thumb Code    10  stm32f4xx_iwdg.o(.text)
    IWDG_GetFlagStatus                       0x080065d7   Thumb Code    20  stm32f4xx_iwdg.o(.text)
    __aeabi_memset                           0x080065f1   Thumb Code    14  memseta.o(.text)
    __aeabi_memset4                          0x080065f1   Thumb Code     0  memseta.o(.text)
    __aeabi_memset8                          0x080065f1   Thumb Code     0  memseta.o(.text)
    __aeabi_memclr                           0x080065ff   Thumb Code     4  memseta.o(.text)
    __aeabi_memclr4                          0x080065ff   Thumb Code     0  memseta.o(.text)
    __aeabi_memclr8                          0x080065ff   Thumb Code     0  memseta.o(.text)
    _memset$wrapper                          0x08006603   Thumb Code    18  memseta.o(.text)
    __aeabi_dadd                             0x08006615   Thumb Code   322  dadd.o(.text)
    __aeabi_dsub                             0x08006757   Thumb Code     6  dadd.o(.text)
    __aeabi_drsub                            0x0800675d   Thumb Code     6  dadd.o(.text)
    __aeabi_dmul                             0x08006763   Thumb Code   228  dmul.o(.text)
    __aeabi_i2d                              0x08006847   Thumb Code    34  dflti.o(.text)
    __aeabi_d2iz                             0x08006869   Thumb Code    62  dfixi.o(.text)
    __aeabi_cdcmpeq                          0x080068a9   Thumb Code     0  cdcmple.o(.text)
    __aeabi_cdcmple                          0x080068a9   Thumb Code    48  cdcmple.o(.text)
    __aeabi_cdrcmple                         0x080068d9   Thumb Code    48  cdrcmple.o(.text)
    __aeabi_uidiv                            0x08006909   Thumb Code     0  uidiv.o(.text)
    __aeabi_uidivmod                         0x08006909   Thumb Code    44  uidiv.o(.text)
    __aeabi_llsl                             0x08006935   Thumb Code    30  llshl.o(.text)
    _ll_shift_l                              0x08006935   Thumb Code     0  llshl.o(.text)
    __aeabi_llsr                             0x08006953   Thumb Code    32  llushr.o(.text)
    _ll_ushift_r                             0x08006953   Thumb Code     0  llushr.o(.text)
    __aeabi_lasr                             0x08006973   Thumb Code    36  llsshr.o(.text)
    _ll_sshift_r                             0x08006973   Thumb Code     0  llsshr.o(.text)
    __I$use$fp                               0x08006997   Thumb Code     0  iusefp.o(.text)
    _double_round                            0x08006997   Thumb Code    30  depilogue.o(.text)
    _double_epilogue                         0x080069b5   Thumb Code   156  depilogue.o(.text)
    __aeabi_ddiv                             0x08006a51   Thumb Code   222  ddiv.o(.text)
    __scatterload                            0x08006b31   Thumb Code    28  init.o(.text)
    __scatterload_rt2                        0x08006b31   Thumb Code     0  init.o(.text)
    __0printf$3                              0x08006b55   Thumb Code    22  printf3.o(i.__0printf$3)
    __1printf$3                              0x08006b55   Thumb Code     0  printf3.o(i.__0printf$3)
    __2printf                                0x08006b55   Thumb Code     0  printf3.o(i.__0printf$3)
    __hardfp_fabs                            0x08006b75   Thumb Code    20  fabs.o(i.__hardfp_fabs)
    __hardfp_log                             0x08006b89   Thumb Code   872  log.o(i.__hardfp_log)
    __kernel_poly                            0x08006f4d   Thumb Code   248  poly.o(i.__kernel_poly)
    __mathlib_dbl_divzero                    0x08007049   Thumb Code    28  dunder.o(i.__mathlib_dbl_divzero)
    __mathlib_dbl_infnan                     0x08007079   Thumb Code    20  dunder.o(i.__mathlib_dbl_infnan)
    __mathlib_dbl_invalid                    0x08007091   Thumb Code    24  dunder.o(i.__mathlib_dbl_invalid)
    __scatterload_copy                       0x080070b1   Thumb Code    14  handlers.o(i.__scatterload_copy)
    __scatterload_null                       0x080070bf   Thumb Code     2  handlers.o(i.__scatterload_null)
    __scatterload_zeroinit                   0x080070c1   Thumb Code    14  handlers.o(i.__scatterload_zeroinit)
    __set_errno                              0x080070d1   Thumb Code     6  errno.o(i.__set_errno)
    malloc                                   0x08007295   Thumb Code    92  malloc.o(i.malloc)
    Font12CN_Table                           0x08007300   Data        5810  font12cn.o(.constdata)
    Font24_Table                             0x080089b2   Data        6840  font24.o(.constdata)
    __mathlib_zero                           0x0800a4a8   Data           8  qnan.o(.constdata)
    Region$$Table$$Base                      0x0800a50c   Number         0  anon$$obj.o(Region$$Table)
    Region$$Table$$Limit                     0x0800a52c   Number         0  anon$$obj.o(Region$$Table)
    SystemCoreClock                          0x20000000   Data           4  system_stm32f4xx.o(.data)
    AHBPrescTable                            0x20000004   Data          16  system_stm32f4xx.o(.data)
    Error_Sum_set                            0x20000014   Data           4  motor_control.o(.data)
    i                                        0x20000028   Data           1  debug.o(.data)
    receive_length                           0x20000029   Data           1  debug.o(.data)
    message_length                           0x2000002a   Data           1  debug.o(.data)
    mode                                     0x2000002b   Data           1  debug.o(.data)
    receive_state                            0x2000002c   Data           1  fsm.o(.data)
    Distance                                 0x20000030   Data           4  sensor.o(.data)
    flame                                    0x20000034   Data           4  sensor.o(.data)
    rain                                     0x20000038   Data           4  sensor.o(.data)
    infrare                                  0x2000003c   Data           4  sensor.o(.data)
    smoke                                    0x20000040   Data           4  sensor.o(.data)
    light                                    0x20000044   Data           4  sensor.o(.data)
    angle                                    0x20000048   Data           4  sensor.o(.data)
    change                                   0x2000004c   Data           1  sensor.o(.data)
    pitch                                    0x20000050   Data           4  sensor.o(.data)
    roll                                     0x20000054   Data           4  sensor.o(.data)
    yaw                                      0x20000058   Data           4  sensor.o(.data)
    refresh                                  0x2000005c   Data           1  sensor.o(.data)
    BlackImage                               0x20000060   Data           4  epd_4in2bc_test.o(.data)
    RYImage                                  0x20000064   Data           4  epd_4in2bc_test.o(.data)
    Font12CN                                 0x20000068   Data          12  font12cn.o(.data)
    Font24                                   0x20000074   Data           8  font24.o(.data)
    __stdout                                 0x20000080   Data           4  usart.o(.data)
    USART_RX_STA                             0x20000084   Data           2  usart.o(.data)
    __microlib_freelist                      0x20000098   Data           4  mvars.o(.data)
    __microlib_freelist_initialised          0x2000009c   Data           4  mvars.o(.data)
    M3508                                    0x200000a8   Data         384  motor_control.o(.bss)
    Paint                                    0x20000228   Data          24  gui_paint.o(.bss)
    USART1_RX_BUF                            0x20000240   Data         200  usart.o(.bss)
    __heap_base                              0x20000308   Data           0  startup_stm32f40_41xxx.o(HEAP)
    __heap_limit                             0x2000f308   Data           0  startup_stm32f40_41xxx.o(HEAP)
    __initial_sp                             0x2000f708   Data           0  startup_stm32f40_41xxx.o(STACK)



==============================================================================

Memory Map of the image

  Image Entry point : 0x08000189

  Load Region LR_IROM1 (Base: 0x08000000, Size: 0x0000a5d0, Max: 0x00100000, ABSOLUTE)

    Execution Region ER_IROM1 (Base: 0x08000000, Size: 0x0000a52c, Max: 0x00100000, ABSOLUTE)

    Base Addr    Size         Type   Attr      Idx    E Section Name        Object

    0x08000000   0x00000188   Data   RO          704    RESET               startup_stm32f40_41xxx.o
    0x08000188   0x00000000   Code   RO         1054  * .ARM.Collect$$$$00000000  mc_w.l(entry.o)
    0x08000188   0x00000004   Code   RO         1379    .ARM.Collect$$$$00000001  mc_w.l(entry2.o)
    0x0800018c   0x00000004   Code   RO         1382    .ARM.Collect$$$$00000004  mc_w.l(entry5.o)
    0x08000190   0x00000000   Code   RO         1384    .ARM.Collect$$$$00000008  mc_w.l(entry7b.o)
    0x08000190   0x00000000   Code   RO         1386    .ARM.Collect$$$$0000000A  mc_w.l(entry8b.o)
    0x08000190   0x00000008   Code   RO         1387    .ARM.Collect$$$$0000000B  mc_w.l(entry9a.o)
    0x08000198   0x00000000   Code   RO         1389    .ARM.Collect$$$$0000000D  mc_w.l(entry10a.o)
    0x08000198   0x00000000   Code   RO         1391    .ARM.Collect$$$$0000000F  mc_w.l(entry11a.o)
    0x08000198   0x00000004   Code   RO         1380    .ARM.Collect$$$$00002712  mc_w.l(entry2.o)
    0x0800019c   0x000000bc   Code   RO            3    .text               main.o
    0x08000258   0x0000001a   Code   RO          183    .text               stm32f4xx_it.o
    0x08000272   0x00000002   PAD
    0x08000274   0x00000210   Code   RO          232    .text               system_stm32f4xx.o
    0x08000484   0x0000007c   Code   RO          258    .text               led.o
    0x08000500   0x00000530   Code   RO          278    .text               motor_control.o
    0x08000a30   0x00000374   Code   RO          305    .text               tim.o
    0x08000da4   0x000005a0   Code   RO          326    .text               can.o
    0x08001344   0x00000188   Code   RO          354    .text               debug.o
    0x080014cc   0x00000178   Code   RO          377    .text               fsm.o
    0x08001644   0x00000404   Code   RO          400    .text               sensor.o
    0x08001a48   0x000000fc   Code   RO          426    .text               adc.o
    0x08001b44   0x000000d0   Code   RO          446    .text               spi.o
    0x08001c14   0x0000002c   Code   RO          466    .text               iwdg.o
    0x08001c40   0x00000040   Code   RO          486    .text               dev_config.o
    0x08001c80   0x000001fc   Code   RO          509    .text               epd_4in2bc.o
    0x08001e7c   0x000003ac   Code   RO          532    .text               epd_4in2bc_test.o
    0x08002228   0x000011d8   Code   RO          598    .text               gui_paint.o
    0x08003400   0x00000104   Code   RO          632    .text               delay.o
    0x08003504   0x00000148   Code   RO          672    .text               usart.o
    0x0800364c   0x00000024   Code   RO          705    .text               startup_stm32f40_41xxx.o
    0x08003670   0x000000e0   Code   RO          711    .text               misc.o
    0x08003750   0x00000294   Code   RO          731    .text               stm32f4xx_gpio.o
    0x080039e4   0x00000454   Code   RO          751    .text               stm32f4xx_usart.o
    0x08003e38   0x00000ca2   Code   RO          771    .text               stm32f4xx_tim.o
    0x08004ada   0x00000002   PAD
    0x08004adc   0x00000094   Code   RO          791    .text               stm32f4xx_syscfg.o
    0x08004b70   0x0000065c   Code   RO          811    .text               stm32f4xx_rcc.o
    0x080051cc   0x00000464   Code   RO          833    .text               stm32f4xx_adc.o
    0x08005630   0x000009f0   Code   RO          853    .text               stm32f4xx_can.o
    0x08006020   0x00000110   Code   RO          936    .text               stm32f4xx_exti.o
    0x08006130   0x00000480   Code   RO          996    .text               stm32f4xx_spi.o
    0x080065b0   0x00000040   Code   RO         1016    .text               stm32f4xx_iwdg.o
    0x080065f0   0x00000024   Code   RO         1057    .text               mc_w.l(memseta.o)
    0x08006614   0x0000014e   Code   RO         1348    .text               mf_w.l(dadd.o)
    0x08006762   0x000000e4   Code   RO         1350    .text               mf_w.l(dmul.o)
    0x08006846   0x00000022   Code   RO         1354    .text               mf_w.l(dflti.o)
    0x08006868   0x0000003e   Code   RO         1356    .text               mf_w.l(dfixi.o)
    0x080068a6   0x00000002   PAD
    0x080068a8   0x00000030   Code   RO         1358    .text               mf_w.l(cdcmple.o)
    0x080068d8   0x00000030   Code   RO         1360    .text               mf_w.l(cdrcmple.o)
    0x08006908   0x0000002c   Code   RO         1393    .text               mc_w.l(uidiv.o)
    0x08006934   0x0000001e   Code   RO         1397    .text               mc_w.l(llshl.o)
    0x08006952   0x00000020   Code   RO         1399    .text               mc_w.l(llushr.o)
    0x08006972   0x00000024   Code   RO         1401    .text               mc_w.l(llsshr.o)
    0x08006996   0x00000000   Code   RO         1416    .text               mc_w.l(iusefp.o)
    0x08006996   0x000000ba   Code   RO         1417    .text               mf_w.l(depilogue.o)
    0x08006a50   0x000000de   Code   RO         1419    .text               mf_w.l(ddiv.o)
    0x08006b2e   0x00000002   PAD
    0x08006b30   0x00000024   Code   RO         1423    .text               mc_w.l(init.o)
    0x08006b54   0x00000020   Code   RO         1148    i.__0printf$3       mc_w.l(printf3.o)
    0x08006b74   0x00000014   Code   RO         1034    i.__hardfp_fabs     m_wm.l(fabs.o)
    0x08006b88   0x000003c4   Code   RO         1040    i.__hardfp_log      m_wm.l(log.o)
    0x08006f4c   0x000000f8   Code   RO         1376    i.__kernel_poly     m_wm.l(poly.o)
    0x08007044   0x00000004   PAD
    0x08007048   0x00000030   Code   RO         1362    i.__mathlib_dbl_divzero  m_wm.l(dunder.o)
    0x08007078   0x00000014   Code   RO         1363    i.__mathlib_dbl_infnan  m_wm.l(dunder.o)
    0x0800708c   0x00000004   PAD
    0x08007090   0x00000020   Code   RO         1365    i.__mathlib_dbl_invalid  m_wm.l(dunder.o)
    0x080070b0   0x0000000e   Code   RO         1427    i.__scatterload_copy  mc_w.l(handlers.o)
    0x080070be   0x00000002   Code   RO         1428    i.__scatterload_null  mc_w.l(handlers.o)
    0x080070c0   0x0000000e   Code   RO         1429    i.__scatterload_zeroinit  mc_w.l(handlers.o)
    0x080070ce   0x00000002   PAD
    0x080070d0   0x0000000c   Code   RO         1411    i.__set_errno       mc_w.l(errno.o)
    0x080070dc   0x000001b8   Code   RO         1155    i._printf_core      mc_w.l(printf3.o)
    0x08007294   0x0000006c   Code   RO         1321    i.malloc            mc_w.l(malloc.o)
    0x08007300   0x000016b2   Data   RO          568    .constdata          font12cn.o
    0x080089b2   0x00001ab8   Data   RO          582    .constdata          font24.o
    0x0800a46a   0x00000006   PAD
    0x0800a470   0x00000038   Data   RO         1043    .constdata          m_wm.l(log.o)
    0x0800a4a8   0x00000008   Data   RO         1378    .constdata          m_wm.l(qnan.o)
    0x0800a4b0   0x0000005c   Data   RO          600    .conststring        gui_paint.o
    0x0800a50c   0x00000020   Data   RO         1425    Region$$Table       anon$$obj.o


    Execution Region RW_IRAM1 (Base: 0x20000000, Size: 0x0000f708, Max: 0x00020000, ABSOLUTE)

    Base Addr    Size         Type   Attr      Idx    E Section Name        Object

    0x20000000   0x00000014   Data   RW          233    .data               system_stm32f4xx.o
    0x20000014   0x0000000c   Data   RW          280    .data               motor_control.o
    0x20000020   0x00000004   Data   RW          306    .data               tim.o
    0x20000024   0x00000004   Data   RW          327    .data               can.o
    0x20000028   0x00000004   Data   RW          355    .data               debug.o
    0x2000002c   0x00000001   Data   RW          378    .data               fsm.o
    0x2000002d   0x00000003   PAD
    0x20000030   0x0000002e   Data   RW          401    .data               sensor.o
    0x2000005e   0x00000002   PAD
    0x20000060   0x00000008   Data   RW          533    .data               epd_4in2bc_test.o
    0x20000068   0x0000000c   Data   RW          569    .data               font12cn.o
    0x20000074   0x00000008   Data   RW          583    .data               font24.o
    0x2000007c   0x00000004   Data   RW          633    .data               delay.o
    0x20000080   0x00000006   Data   RW          674    .data               usart.o
    0x20000086   0x00000010   Data   RW          812    .data               stm32f4xx_rcc.o
    0x20000096   0x00000002   PAD
    0x20000098   0x00000004   Data   RW         1407    .data               mc_w.l(mvars.o)
    0x2000009c   0x00000004   Data   RW         1408    .data               mc_w.l(mvars.o)
    0x200000a0   0x00000004   Data   RW         1412    .data               mc_w.l(errno.o)
    0x200000a4   0x00000004   PAD
    0x200000a8   0x00000180   Zero   RW          279    .bss                motor_control.o
    0x20000228   0x00000018   Zero   RW          599    .bss                gui_paint.o
    0x20000240   0x000000c8   Zero   RW          673    .bss                usart.o
    0x20000308   0x0000f000   Zero   RW          703    HEAP                startup_stm32f40_41xxx.o
    0x2000f308   0x00000400   Zero   RW          702    STACK               startup_stm32f40_41xxx.o


==============================================================================

Image component sizes


      Code (inc. data)   RO Data    RW Data    ZI Data      Debug   Object Name

       252         14          0          0          0       1151   adc.o
      1440         46          0          4          0       4486   can.o
       392         40          0          4          0       1118   debug.o
       260          8          0          4          0       1441   delay.o
        64         14          0          0          0        876   dev_config.o
       508         46          0          0          0       2827   epd_4in2bc.o
       940        330          0          8          0       2645   epd_4in2bc_test.o
         0          0       5810         12          0       1407   font12cn.o
         0          0       6840          8          0       1397   font24.o
       376         64          0          1          0       1921   fsm.o
      4568        664         92          0         24      12493   gui_paint.o
        44          0          0          0          0        682   iwdg.o
       124          8          0          0          0        729   led.o
       188         14          0          0          0     314675   main.o
       224         20          0          0          0       1821   misc.o
      1328         84          0         12        384       2971   motor_control.o
      1028         74          0         46          0       3379   sensor.o
       208          8          0          0          0        843   spi.o
        36          8        392          0      62464        824   startup_stm32f40_41xxx.o
      1124         24          0          0          0      10498   stm32f4xx_adc.o
      2544         38          0          0          0       7972   stm32f4xx_can.o
       272         10          0          0          0       2267   stm32f4xx_exti.o
       660         44          0          0          0       4097   stm32f4xx_gpio.o
        26          0          0          0          0       1226   stm32f4xx_it.o
        64          6          0          0          0       1333   stm32f4xx_iwdg.o
      1628         52          0         16          0      12888   stm32f4xx_rcc.o
      1152         36          0          0          0       6849   stm32f4xx_spi.o
       148         12          0          0          0       1845   stm32f4xx_syscfg.o
      3234         60          0          0          0      22304   stm32f4xx_tim.o
      1108         34          0          0          0       7800   stm32f4xx_usart.o
       528         46          0         20          0       1783   system_stm32f4xx.o
       884         72          0          4          0       2468   tim.o
       328         16          0          6        200       3300   usart.o

    ----------------------------------------------------------------------
     25684       1892      13172        152      63072     444316   Object Totals
         0          0         32          0          0          0   (incl. Generated)
         4          0          6          7          0          0   (incl. Padding)

    ----------------------------------------------------------------------

      Code (inc. data)   RO Data    RW Data    ZI Data      Debug   Library Member Name

       100         28          0          0          0        372   dunder.o
        20          0          0          0          0        124   fabs.o
       964         92         56          0          0        316   log.o
       248          0          0          0          0        152   poly.o
         0          0          8          0          0          0   qnan.o
         0          0          0          0          0          0   entry.o
         0          0          0          0          0          0   entry10a.o
         0          0          0          0          0          0   entry11a.o
         8          4          0          0          0          0   entry2.o
         4          0          0          0          0          0   entry5.o
         0          0          0          0          0          0   entry7b.o
         0          0          0          0          0          0   entry8b.o
         8          4          0          0          0          0   entry9a.o
        12          6          0          4          0         68   errno.o
        30          0          0          0          0          0   handlers.o
        36          8          0          0          0         68   init.o
         0          0          0          0          0          0   iusefp.o
        30          0          0          0          0         68   llshl.o
        36          0          0          0          0         68   llsshr.o
        32          0          0          0          0         68   llushr.o
       108         16          0          0          0         84   malloc.o
        36          0          0          0          0        108   memseta.o
         0          0          0          8          0          0   mvars.o
       472         14          0          0          0        184   printf3.o
        44          0          0          0          0         80   uidiv.o
        48          0          0          0          0         68   cdcmple.o
        48          0          0          0          0         68   cdrcmple.o
       334          0          0          0          0        148   dadd.o
       222          0          0          0          0        100   ddiv.o
       186          0          0          0          0        176   depilogue.o
        62          0          0          0          0         80   dfixi.o
        34          0          0          0          0         76   dflti.o
       228          0          0          0          0         96   dmul.o

    ----------------------------------------------------------------------
      3364        172         64         12          4       2572   Library Totals
        14          0          0          0          4          0   (incl. Padding)

    ----------------------------------------------------------------------

      Code (inc. data)   RO Data    RW Data    ZI Data      Debug   Library Name

      1332        120         64          0          0        964   m_wm.l
       856         52          0         12          0        796   mc_w.l
      1162          0          0          0          0        812   mf_w.l

    ----------------------------------------------------------------------
      3364        172         64         12          4       2572   Library Totals

    ----------------------------------------------------------------------

==============================================================================


      Code (inc. data)   RO Data    RW Data    ZI Data      Debug   

     29048       2064      13236        164      63076     439712   Grand Totals
     29048       2064      13236        164      63076     439712   ELF Image Totals
     29048       2064      13236        164          0          0   ROM Totals

==============================================================================

    Total RO  Size (Code + RO Data)                42284 (  41.29kB)
    Total RW  Size (RW Data + ZI Data)             63240 (  61.76kB)
    Total ROM Size (Code + RO Data + RW Data)      42448 (  41.45kB)

==============================================================================

