OLED.c:12:6:Show_Start	16	static
OLED.c:42:6:Show_Speed	48	static
OLED.c:102:6:LCD_init	8	static
OLED.c:202:6:LCD_write_command	24	static
OLED.c:224:6:LCD_write_para8	24	static
OLED.c:246:6:LCD_write_para16	24	static
OLED.c:291:6:LCD_SetPos	24	static
OLED.c:314:6:LCD_address_rst	8	static
OLED.c:331:6:time_delay	24	static
OLED.c:348:6:LCD_display_full	24	static
OLED.c:361:6:LCD_CLS	8	static
OLED.c:375:6:LCD_draw_part	32	static
OLED.c:401:6:LCD_draw_rectangle	32	static
OLED.c:419:6:LCD_draw_circle	24	static
OLED.c:452:6:LCD_draw_line	56	static
OLED.c:530:6:LCD_draw_dot	16	static
OLED.c:879:6:LCD_P8X16	24	static
OLED.c:900:6:LCD_P8X16Str	32	static
OLED.c:961:6:LCD_P16X16Str	32	static
